<html>
<body>
<pre>
<h1>礦ision Build Log</h1>
<h2>Tool Versions:</h2>
IDE-Version: μVision V5.14.0.0
Copyright (C) 2015 ARM Ltd and ARM Germany GmbH. All rights reserved.
License Information: yang yang, qqqqq, LIC=QF82M-X6II9-WFRI7-EP5XW-88HH1-D3FPH
 
Tool Versions:
Toolchain:       MDK-ARM Standard  Version: 5.14.0.0
Toolchain Path:  E:\MDK5\ARM\ARMCC\Bin
C Compiler:      Armcc.exe V5.05 update 1 (build 106)
Assembler:       Armasm.exe V5.05 update 1 (build 106)
Linker/Locator:  ArmLink.exe V5.05 update 1 (build 106)
Library Manager: ArmAr.exe V5.05 update 1 (build 106)
Hex Converter:   FromElf.exe V5.05 update 1 (build 106)
CPU DLL:         SARMCM3.DLL V5.14.0.0
Dialog DLL:      DARMSTM.DLL V1.65.0.0
Target DLL:      STLink\ST-LINKIII-KEIL_SWO.dll V2.0.14.0_KEIL
Dialog DLL:      TARMSTM.DLL V1.64.0.0
 
<h2>Project:</h2>
H:\OpenProgrammingModuleForMCU\13-单片机AT指令配置模块程序模板(非阻塞版)\STM32F10xTemplate\Progect\Progect.uvprojx
Project File Date:  05/14/2021

<h2>Output:</h2>
Build target 'Target 1'
compiling main.c...
..\User\main.c(27): warning:  #177-D: variable "data_read" was declared but never referenced
        char data_read;
..\User\main.c: 1 warning, 0 errors
compiling ConfigModuleNoBlock.c...
linking...
Program Size: Code=10964 RO-data=336 RW-data=120 ZI-data=7488  
FromELF: creating hex file...
After Build - User command #1: E:\MDK5\\ARM\ARMCC\bin\fromelf.exe --bin --output=bin\Progect.bin .\output\Progect.axf
".\output\Progect.axf" - 0 Error(s), 1 Warning(s).

<h2>Collection of Component include folders:</h2>
  H:\OpenProgrammingModuleForMCU\13-单片机AT指令配置模块程序模板(非阻塞版)\STM32F10xTemplate\Progect\RTE
  E:\MDK5\ARM\PACK\Keil\STM32F1xx_DFP\1.0.5\Device\Include

<h2>Collection of Component Files used:</h2>
</pre>
</body>
</html>
