Component: ARM Compiler 5.05 update 1 (build 106) Tool: armlink [4d0efa]

==============================================================================

Section Cross References

    main.o(i.custom_ssl_recv) refers to main.o(i.net_recv) for net_recv
    main.o(i.custom_ssl_recv) refers to memmovea.o(.text) for __aeabi_memcpy
    main.o(i.custom_ssl_recv) refers to main.o(.data) for net_recv_data_len
    main.o(i.custom_ssl_recv) refers to main.o(.bss) for net_recv_buff
    main.o(i.custom_ssl_send) refers to main.o(i.net_send) for net_send
    main.o(i.main) refers to system.o(i.NVIC_Configuration) for NVIC_Configuration
    main.o(i.main) refers to usart.o(i.uart_init) for uart_init
    main.o(i.main) refers to gpio.o(i.GpioInit) for GpioInit
    main.o(i.main) refers to delay.o(i.DelayInit) for DelayInit
    main.o(i.main) refers to main.o(i.ssl_int) for ssl_int
    main.o(i.main) refers to ssl_tls.o(i.mbedtls_ssl_handshake) for mbedtls_ssl_handshake
    main.o(i.main) refers to ssl_msg.o(i.mbedtls_ssl_write) for mbedtls_ssl_write
    main.o(i.main) refers to memseta.o(.text) for __aeabi_memclr4
    main.o(i.main) refers to ssl_msg.o(i.mbedtls_ssl_read) for mbedtls_ssl_read
    main.o(i.main) refers to main.o(.bss) for ssl
    main.o(i.main) refers to main.o(.data) for ret
    main.o(i.mbedtls_hardware_poll) refers to rand.o(.text) for rand
    main.o(i.my_debug) refers to printfa.o(i.__0printf) for __2printf
    main.o(i.ssl_int) refers to ssl_msg.o(i.mbedtls_ssl_close_notify) for mbedtls_ssl_close_notify
    main.o(i.ssl_int) refers to ssl_tls.o(i.mbedtls_ssl_free) for mbedtls_ssl_free
    main.o(i.ssl_int) refers to ssl_tls.o(i.mbedtls_ssl_config_free) for mbedtls_ssl_config_free
    main.o(i.ssl_int) refers to ctr_drbg.o(i.mbedtls_ctr_drbg_free) for mbedtls_ctr_drbg_free
    main.o(i.ssl_int) refers to entropy.o(i.mbedtls_entropy_free) for mbedtls_entropy_free
    main.o(i.ssl_int) refers to debug.o(i.mbedtls_debug_set_threshold) for mbedtls_debug_set_threshold
    main.o(i.ssl_int) refers to ssl_tls.o(i.mbedtls_ssl_init) for mbedtls_ssl_init
    main.o(i.ssl_int) refers to ssl_tls.o(i.mbedtls_ssl_config_init) for mbedtls_ssl_config_init
    main.o(i.ssl_int) refers to ctr_drbg.o(i.mbedtls_ctr_drbg_init) for mbedtls_ctr_drbg_init
    main.o(i.ssl_int) refers to entropy.o(i.mbedtls_entropy_init) for mbedtls_entropy_init
    main.o(i.ssl_int) refers to printfa.o(i.__0printf) for __2printf
    main.o(i.ssl_int) refers to strlen.o(.text) for strlen
    main.o(i.ssl_int) refers to ctr_drbg.o(i.mbedtls_ctr_drbg_seed) for mbedtls_ctr_drbg_seed
    main.o(i.ssl_int) refers to ssl_tls.o(i.mbedtls_ssl_config_defaults) for mbedtls_ssl_config_defaults
    main.o(i.ssl_int) refers to ssl_tls.o(i.mbedtls_ssl_conf_authmode) for mbedtls_ssl_conf_authmode
    main.o(i.ssl_int) refers to ssl_tls.o(i.mbedtls_ssl_conf_rng) for mbedtls_ssl_conf_rng
    main.o(i.ssl_int) refers to ssl_tls.o(i.mbedtls_ssl_conf_dbg) for mbedtls_ssl_conf_dbg
    main.o(i.ssl_int) refers to ssl_tls.o(i.mbedtls_ssl_setup) for mbedtls_ssl_setup
    main.o(i.ssl_int) refers to ssl_tls.o(i.mbedtls_ssl_set_bio) for mbedtls_ssl_set_bio
    main.o(i.ssl_int) refers to main.o(.bss) for ssl
    main.o(i.ssl_int) refers to main.o(.data) for pers
    main.o(i.ssl_int) refers to entropy.o(i.mbedtls_entropy_func) for mbedtls_entropy_func
    main.o(i.ssl_int) refers to ctr_drbg.o(i.mbedtls_ctr_drbg_random) for mbedtls_ctr_drbg_random
    main.o(i.ssl_int) refers to stdout.o(.data) for __stdout
    main.o(i.ssl_int) refers to main.o(i.my_debug) for my_debug
    main.o(i.ssl_int) refers to main.o(i.custom_ssl_recv) for custom_ssl_recv
    main.o(i.ssl_int) refers to main.o(i.custom_ssl_send) for custom_ssl_send
    main.o(.data) refers to main.o(.conststring) for .conststring
    system.o(i.NVIC_Configuration) refers to misc.o(i.NVIC_PriorityGroupConfig) for NVIC_PriorityGroupConfig
    system.o(i.NVIC_Configuration) refers to misc.o(i.NVIC_Init) for NVIC_Init
    delay.o(i.DelayInit) refers to misc.o(i.SysTick_CLKSourceConfig) for SysTick_CLKSourceConfig
    delay.o(i.DelayInit) refers to system_stm32f10x.o(.data) for SystemCoreClock
    delay.o(i.SysTick_Handler) refers to delay.o(.data) for SysTickCntMs
    delay.o(i.SysTick_Handler) refers to usart.o(.data) for Usart1ReadCnt
    delay.o(i.delay_ms) refers to delay.o(.data) for SysTickCntMs
    usart.o(i.USART1_IRQHandler) refers to stm32f10x_usart.o(i.USART_GetITStatus) for USART_GetITStatus
    usart.o(i.USART1_IRQHandler) refers to stm32f10x_usart.o(i.USART_ReceiveData) for USART_ReceiveData
    usart.o(i.USART1_IRQHandler) refers to usart.o(.bss) for Usart1ReadBuff
    usart.o(i.USART1_IRQHandler) refers to usart.o(.data) for Usart1ReadCnt
    usart.o(i.UsartOutChar) refers to stm32f10x_usart.o(i.USART_SendData) for USART_SendData
    usart.o(i.UsartOutChar) refers to stm32f10x_usart.o(i.USART_GetFlagStatus) for USART_GetFlagStatus
[...]
    USART_GetFlagStatus                      0x08000dab   Thumb Code    26  stm32f10x_usart.o(i.USART_GetFlagStatus)
    USART_GetITStatus                        0x08000dc5   Thumb Code    84  stm32f10x_usart.o(i.USART_GetITStatus)
    USART_ITConfig                           0x08000e19   Thumb Code    74  stm32f10x_usart.o(i.USART_ITConfig)
    USART_Init                               0x08000e65   Thumb Code   210  stm32f10x_usart.o(i.USART_Init)
    USART_ReceiveData                        0x08000f3d   Thumb Code    10  stm32f10x_usart.o(i.USART_ReceiveData)
    USART_SendData                           0x08000f47   Thumb Code     8  stm32f10x_usart.o(i.USART_SendData)
    UsageFault_Handler                       0x08000f4f   Thumb Code     4  stm32f10x_it.o(i.UsageFault_Handler)
    __0printf                                0x08000f55   Thumb Code    22  printfa.o(i.__0printf)
    __1printf                                0x08000f55   Thumb Code     0  printfa.o(i.__0printf)
    __2printf                                0x08000f55   Thumb Code     0  printfa.o(i.__0printf)
    __c89printf                              0x08000f55   Thumb Code     0  printfa.o(i.__0printf)
    printf                                   0x08000f55   Thumb Code     0  printfa.o(i.__0printf)
    __0snprintf                              0x08000f75   Thumb Code    36  printfa.o(i.__0snprintf)
    __1snprintf                              0x08000f75   Thumb Code     0  printfa.o(i.__0snprintf)
    __2snprintf                              0x08000f75   Thumb Code     0  printfa.o(i.__0snprintf)
    __c89snprintf                            0x08000f75   Thumb Code     0  printfa.o(i.__0snprintf)
    snprintf                                 0x08000f75   Thumb Code     0  printfa.o(i.__0snprintf)
    __0vsnprintf                             0x08000f9d   Thumb Code    32  printfa.o(i.__0vsnprintf)
    __1vsnprintf                             0x08000f9d   Thumb Code     0  printfa.o(i.__0vsnprintf)
    __2vsnprintf                             0x08000f9d   Thumb Code     0  printfa.o(i.__0vsnprintf)
    __c89vsnprintf                           0x08000f9d   Thumb Code     0  printfa.o(i.__0vsnprintf)
    vsnprintf                                0x08000f9d   Thumb Code     0  printfa.o(i.__0vsnprintf)
    __scatterload_copy                       0x08000fc1   Thumb Code    14  handlers.o(i.__scatterload_copy)
    __scatterload_null                       0x08000fcf   Thumb Code     2  handlers.o(i.__scatterload_null)
    __scatterload_zeroinit                   0x08000fd1   Thumb Code    14  handlers.o(i.__scatterload_zeroinit)
    fputc                                    0x08001f9d   Thumb Code    54  usart.o(i.fputc)
    free                                     0x08001fdd   Thumb Code    76  malloc.o(i.free)
    main                                     0x0800240d   Thumb Code    90  main.o(i.main)
    malloc                                   0x08002481   Thumb Code    92  malloc.o(i.malloc)
    mbedtls_aes_crypt_cbc                    0x080024ed   Thumb Code   182  aes.o(i.mbedtls_aes_crypt_cbc)
    mbedtls_aes_crypt_ecb                    0x080025a3   Thumb Code    58  aes.o(i.mbedtls_aes_crypt_ecb)
    mbedtls_aes_free                         0x080025dd   Thumb Code    22  aes.o(i.mbedtls_aes_free)
    mbedtls_aes_init                         0x080025f3   Thumb Code    20  aes.o(i.mbedtls_aes_init)
    mbedtls_aes_setkey_dec                   0x08002609   Thumb Code   210  aes.o(i.mbedtls_aes_setkey_dec)
    mbedtls_aes_setkey_enc                   0x080026f1   Thumb Code   504  aes.o(i.mbedtls_aes_setkey_enc)
    mbedtls_asn1_get_alg                     0x080028f1   Thumb Code   178  asn1parse.o(i.mbedtls_asn1_get_alg)
    mbedtls_asn1_get_bitstring               0x080029a3   Thumb Code   100  asn1parse.o(i.mbedtls_asn1_get_bitstring)
    mbedtls_asn1_get_bitstring_null          0x08002a07   Thumb Code    70  asn1parse.o(i.mbedtls_asn1_get_bitstring_null)
    mbedtls_asn1_get_bool                    0x08002a4d   Thumb Code    68  asn1parse.o(i.mbedtls_asn1_get_bool)
    mbedtls_asn1_get_int                     0x08002a91   Thumb Code    22  asn1parse.o(i.mbedtls_asn1_get_int)
    mbedtls_asn1_get_len                     0x08002aa7   Thumb Code   254  asn1parse.o(i.mbedtls_asn1_get_len)
    mbedtls_asn1_get_sequence_of             0x08002ba5   Thumb Code    56  asn1parse.o(i.mbedtls_asn1_get_sequence_of)
    mbedtls_asn1_get_tag                     0x08002be1   Thumb Code    56  asn1parse.o(i.mbedtls_asn1_get_tag)
    mbedtls_asn1_traverse_sequence_of        0x08002c19   Thumb Code   162  asn1parse.o(i.mbedtls_asn1_traverse_sequence_of)
    mbedtls_cipher_auth_decrypt              0x08002cbd   Thumb Code   120  cipher.o(i.mbedtls_cipher_auth_decrypt)
    mbedtls_cipher_auth_encrypt              0x08002d3d   Thumb Code    98  cipher.o(i.mbedtls_cipher_auth_encrypt)
    mbedtls_cipher_crypt                     0x08002da5   Thumb Code   138  cipher.o(i.mbedtls_cipher_crypt)
    mbedtls_cipher_finish                    0x08002e31   Thumb Code   320  cipher.o(i.mbedtls_cipher_finish)
    mbedtls_cipher_free                      0x08002f79   Thumb Code    34  cipher.o(i.mbedtls_cipher_free)
    mbedtls_cipher_info_from_type            0x08002fc5   Thumb Code    28  cipher.o(i.mbedtls_cipher_info_from_type)
    mbedtls_cipher_info_from_values          0x08002fe5   Thumb Code    52  cipher.o(i.mbedtls_cipher_info_from_values)
    mbedtls_cipher_init                      0x0800301d   Thumb Code    18  cipher.o(i.mbedtls_cipher_init)
    mbedtls_cipher_reset                     0x08003031   Thumb Code    22  cipher.o(i.mbedtls_cipher_reset)
    mbedtls_cipher_set_iv                    0x0800304d   Thumb Code    84  cipher.o(i.mbedtls_cipher_set_iv)
    mbedtls_cipher_set_padding_mode          0x080030a5   Thumb Code    48  cipher.o(i.mbedtls_cipher_set_padding_mode)
    mbedtls_cipher_setkey                    0x080030dd   Thumb Code   126  cipher.o(i.mbedtls_cipher_setkey)
    mbedtls_cipher_setup                     0x08003161   Thumb Code    54  cipher.o(i.mbedtls_cipher_setup)
    mbedtls_cipher_update                    0x0800319d   Thumb Code   438  cipher.o(i.mbedtls_cipher_update)
    mbedtls_ctr_drbg_free                    0x0800337f   Thumb Code    30  ctr_drbg.o(i.mbedtls_ctr_drbg_free)
    mbedtls_ctr_drbg_init                    0x0800339d   Thumb Code    22  ctr_drbg.o(i.mbedtls_ctr_drbg_init)
    mbedtls_ctr_drbg_random                  0x080033b3   Thumb Code    40  ctr_drbg.o(i.mbedtls_ctr_drbg_random)
    mbedtls_ctr_drbg_random_with_add         0x080033db   Thumb Code   254  ctr_drbg.o(i.mbedtls_ctr_drbg_random_with_add)
    mbedtls_ctr_drbg_reseed                  0x080034d9   Thumb Code    22  ctr_drbg.o(i.mbedtls_ctr_drbg_reseed)
    mbedtls_ctr_drbg_seed                    0x080035c1   Thumb Code   132  ctr_drbg.o(i.mbedtls_ctr_drbg_seed)
    mbedtls_debug_print_buf                  0x08003645   Thumb Code   300  debug.o(i.mbedtls_debug_print_buf)
    mbedtls_debug_print_crt                  0x080037ad   Thumb Code   164  debug.o(i.mbedtls_debug_print_crt)
    mbedtls_debug_print_mpi                  0x08003869   Thumb Code   382  debug.o(i.mbedtls_debug_print_mpi)
    mbedtls_debug_print_msg                  0x08003a1d   Thumb Code   116  debug.o(i.mbedtls_debug_print_msg)
    mbedtls_debug_print_ret                  0x08003a95   Thumb Code    98  debug.o(i.mbedtls_debug_print_ret)
    mbedtls_debug_set_threshold              0x08003b19   Thumb Code     6  debug.o(i.mbedtls_debug_set_threshold)
    mbedtls_entropy_add_source               0x08003b25   Thumb Code    88  entropy.o(i.mbedtls_entropy_add_source)
    mbedtls_entropy_free                     0x08003b7d   Thumb Code    36  entropy.o(i.mbedtls_entropy_free)
    mbedtls_entropy_func                     0x08003ba1   Thumb Code   330  entropy.o(i.mbedtls_entropy_func)
    mbedtls_entropy_init                     0x08003ced   Thumb Code    52  entropy.o(i.mbedtls_entropy_init)
    mbedtls_gcm_auth_decrypt                 0x08003d25   Thumb Code   142  gcm.o(i.mbedtls_gcm_auth_decrypt)
    mbedtls_gcm_crypt_and_tag                0x08003db3   Thumb Code   118  gcm.o(i.mbedtls_gcm_crypt_and_tag)
    mbedtls_gcm_finish                       0x08003e29   Thumb Code   396  gcm.o(i.mbedtls_gcm_finish)
    mbedtls_gcm_free                         0x08003fb5   Thumb Code    28  gcm.o(i.mbedtls_gcm_free)
    mbedtls_gcm_init                         0x08003fd1   Thumb Code    20  gcm.o(i.mbedtls_gcm_init)
    mbedtls_gcm_setkey                       0x08003fe5   Thumb Code   128  gcm.o(i.mbedtls_gcm_setkey)
    mbedtls_gcm_starts                       0x08004065   Thumb Code   396  gcm.o(i.mbedtls_gcm_starts)
    mbedtls_gcm_update                       0x080041f1   Thumb Code   316  gcm.o(i.mbedtls_gcm_update)
    mbedtls_hardware_poll                    0x0800432d   Thumb Code    50  main.o(i.mbedtls_hardware_poll)
    mbedtls_internal_aes_decrypt             0x08004459   Thumb Code  1394  aes.o(i.mbedtls_internal_aes_decrypt)
    mbedtls_internal_aes_encrypt             0x080049cd   Thumb Code  1394  aes.o(i.mbedtls_internal_aes_encrypt)
    mbedtls_internal_md5_process             0x08004f41   Thumb Code  2454  md5.o(i.mbedtls_internal_md5_process)
    mbedtls_internal_sha1_process            0x08005951   Thumb Code  5908  sha1.o(i.mbedtls_internal_sha1_process)
    mbedtls_internal_sha256_process          0x08007069   Thumb Code  3606  sha256.o(i.mbedtls_internal_sha256_process)
    mbedtls_internal_sha512_process          0x08007e85   Thumb Code  3654  sha512.o(i.mbedtls_internal_sha512_process)
    mbedtls_md                               0x08008cd1   Thumb Code   122  md.o(i.mbedtls_md)
    mbedtls_md5_finish_ret                   0x08008d51   Thumb Code   274  md5.o(i.mbedtls_md5_finish_ret)
    mbedtls_md5_free                         0x08008e63   Thumb Code    20  md5.o(i.mbedtls_md5_free)
    mbedtls_md5_init                         0x08008e77   Thumb Code    14  md5.o(i.mbedtls_md5_init)
    mbedtls_md5_ret                          0x08008e85   Thumb Code    76  md5.o(i.mbedtls_md5_ret)
    mbedtls_md5_starts_ret                   0x08008ed1   Thumb Code    30  md5.o(i.mbedtls_md5_starts_ret)
    mbedtls_md5_update_ret                   0x08008ef9   Thumb Code   150  md5.o(i.mbedtls_md5_update_ret)
    mbedtls_md_finish                        0x08008f91   Thumb Code    84  md.o(i.mbedtls_md_finish)
    mbedtls_md_free                          0x08008fe9   Thumb Code   116  md.o(i.mbedtls_md_free)
    mbedtls_md_get_size                      0x0800905d   Thumb Code    12  md.o(i.mbedtls_md_get_size)
    mbedtls_md_get_type                      0x08009069   Thumb Code    12  md.o(i.mbedtls_md_get_type)
    mbedtls_md_hmac_finish                   0x08009075   Thumb Code   116  md.o(i.mbedtls_md_hmac_finish)
    mbedtls_md_hmac_reset                    0x080090ed   Thumb Code    52  md.o(i.mbedtls_md_hmac_reset)
    mbedtls_md_hmac_starts                   0x08009125   Thumb Code   210  md.o(i.mbedtls_md_hmac_starts)
    mbedtls_md_hmac_update                   0x080091fd   Thumb Code    34  md.o(i.mbedtls_md_hmac_update)
    mbedtls_md_info_from_type                0x08009225   Thumb Code    46  md.o(i.mbedtls_md_info_from_type)
    mbedtls_md_init                          0x0800926d   Thumb Code    10  md.o(i.mbedtls_md_init)
    mbedtls_md_process                       0x08009279   Thumb Code    84  md.o(i.mbedtls_md_process)
    mbedtls_md_setup                         0x080092d1   Thumb Code   206  md.o(i.mbedtls_md_setup)
    mbedtls_md_starts                        0x080093a5   Thumb Code    94  md.o(i.mbedtls_md_starts)
    mbedtls_md_update                        0x08009409   Thumb Code    94  md.o(i.mbedtls_md_update)
    mbedtls_mpi_add_abs                      0x0800946d   Thumb Code   260  bignum.o(i.mbedtls_mpi_add_abs)
    mbedtls_mpi_add_int                      0x08009571   Thumb Code    64  bignum.o(i.mbedtls_mpi_add_int)
    mbedtls_mpi_add_mpi                      0x080095b1   Thumb Code   132  bignum.o(i.mbedtls_mpi_add_mpi)
    mbedtls_mpi_bitlen                       0x08009635   Thumb Code    56  bignum.o(i.mbedtls_mpi_bitlen)
    mbedtls_mpi_cmp_abs                      0x0800966d   Thumb Code   146  bignum.o(i.mbedtls_mpi_cmp_abs)
    mbedtls_mpi_cmp_int                      0x080096ff   Thumb Code    56  bignum.o(i.mbedtls_mpi_cmp_int)
    mbedtls_mpi_cmp_mpi                      0x08009737   Thumb Code   180  bignum.o(i.mbedtls_mpi_cmp_mpi)
    mbedtls_mpi_copy                         0x080097eb   Thumb Code   128  bignum.o(i.mbedtls_mpi_copy)
    mbedtls_mpi_div_mpi                      0x0800986b   Thumb Code   966  bignum.o(i.mbedtls_mpi_div_mpi)
    mbedtls_mpi_exp_mod                      0x08009c31   Thumb Code  1270  bignum.o(i.mbedtls_mpi_exp_mod)
    mbedtls_mpi_fill_random                  0x0800a127   Thumb Code   132  bignum.o(i.mbedtls_mpi_fill_random)
    mbedtls_mpi_free                         0x0800a1ab   Thumb Code    40  bignum.o(i.mbedtls_mpi_free)
    mbedtls_mpi_gcd                          0x0800a1d3   Thumb Code   376  bignum.o(i.mbedtls_mpi_gcd)
    mbedtls_mpi_get_bit                      0x0800a34b   Thumb Code    38  bignum.o(i.mbedtls_mpi_get_bit)
    mbedtls_mpi_grow                         0x0800a371   Thumb Code    86  bignum.o(i.mbedtls_mpi_grow)
    mbedtls_mpi_init                         0x0800a3c7   Thumb Code    16  bignum.o(i.mbedtls_mpi_init)
    mbedtls_mpi_inv_mod                      0x0800a3d7   Thumb Code   830  bignum.o(i.mbedtls_mpi_inv_mod)
    mbedtls_mpi_lsb                          0x0800a715   Thumb Code    56  bignum.o(i.mbedtls_mpi_lsb)
    mbedtls_mpi_lset                         0x0800a74d   Thumb Code    76  bignum.o(i.mbedtls_mpi_lset)
    mbedtls_mpi_mod_mpi                      0x0800a799   Thumb Code   142  bignum.o(i.mbedtls_mpi_mod_mpi)
    mbedtls_mpi_mul_int                      0x0800a827   Thumb Code    42  bignum.o(i.mbedtls_mpi_mul_int)
    mbedtls_mpi_mul_mpi                      0x0800a851   Thumb Code   248  bignum.o(i.mbedtls_mpi_mul_mpi)
    mbedtls_mpi_read_binary                  0x0800a949   Thumb Code   134  bignum.o(i.mbedtls_mpi_read_binary)
    mbedtls_mpi_shift_l                      0x0800a9cf   Thumb Code   202  bignum.o(i.mbedtls_mpi_shift_l)
    mbedtls_mpi_shift_r                      0x0800aa99   Thumb Code   170  bignum.o(i.mbedtls_mpi_shift_r)
    mbedtls_mpi_size                         0x0800ab43   Thumb Code    16  bignum.o(i.mbedtls_mpi_size)
    mbedtls_mpi_sub_abs                      0x0800ab53   Thumb Code   202  bignum.o(i.mbedtls_mpi_sub_abs)
    mbedtls_mpi_sub_int                      0x0800ac1d   Thumb Code    64  bignum.o(i.mbedtls_mpi_sub_int)
    mbedtls_mpi_sub_mpi                      0x0800ac5d   Thumb Code   132  bignum.o(i.mbedtls_mpi_sub_mpi)
    mbedtls_mpi_write_binary                 0x0800ace1   Thumb Code   130  bignum.o(i.mbedtls_mpi_write_binary)
    mbedtls_oid_get_attr_short_name          0x0800ad73   Thumb Code    30  oid.o(i.mbedtls_oid_get_attr_short_name)
    mbedtls_oid_get_certificate_policies     0x0800ad91   Thumb Code    30  oid.o(i.mbedtls_oid_get_certificate_policies)
    mbedtls_oid_get_extended_key_usage       0x0800adaf   Thumb Code    30  oid.o(i.mbedtls_oid_get_extended_key_usage)
    mbedtls_oid_get_numeric_string           0x0800adcd   Thumb Code   192  oid.o(i.mbedtls_oid_get_numeric_string)
    mbedtls_oid_get_oid_by_md                0x0800ae99   Thumb Code    42  oid.o(i.mbedtls_oid_get_oid_by_md)
    mbedtls_oid_get_pk_alg                   0x0800aec9   Thumb Code    30  oid.o(i.mbedtls_oid_get_pk_alg)
    mbedtls_oid_get_sig_alg                  0x0800aee7   Thumb Code    40  oid.o(i.mbedtls_oid_get_sig_alg)
    mbedtls_oid_get_sig_alg_desc             0x0800af0f   Thumb Code    30  oid.o(i.mbedtls_oid_get_sig_alg_desc)
    mbedtls_oid_get_x509_ext_type            0x0800af2d   Thumb Code    30  oid.o(i.mbedtls_oid_get_x509_ext_type)
    mbedtls_pk_can_do                        0x0800af4b   Thumb Code    26  pk.o(i.mbedtls_pk_can_do)
    mbedtls_pk_debug                         0x0800af65   Thumb Code    44  pk.o(i.mbedtls_pk_debug)
    mbedtls_pk_encrypt                       0x0800af95   Thumb Code    82  pk.o(i.mbedtls_pk_encrypt)
    mbedtls_pk_free                          0x0800afed   Thumb Code    32  pk.o(i.mbedtls_pk_free)
    mbedtls_pk_get_bitlen                    0x0800b00d   Thumb Code    24  pk.o(i.mbedtls_pk_get_bitlen)
    mbedtls_pk_get_name                      0x0800b025   Thumb Code    18  pk.o(i.mbedtls_pk_get_name)
    mbedtls_pk_get_type                      0x0800b045   Thumb Code    18  pk.o(i.mbedtls_pk_get_type)
    mbedtls_pk_info_from_type                0x0800b059   Thumb Code    14  pk.o(i.mbedtls_pk_info_from_type)
    mbedtls_pk_init                          0x0800b06d   Thumb Code    12  pk.o(i.mbedtls_pk_init)
    mbedtls_pk_parse_subpubkey               0x0800b079   Thumb Code   214  pkparse.o(i.mbedtls_pk_parse_subpubkey)
    mbedtls_pk_setup                         0x0800b159   Thumb Code    38  pk.o(i.mbedtls_pk_setup)
    mbedtls_pk_sign_restartable              0x0800b189   Thumb Code    86  pk.o(i.mbedtls_pk_sign_restartable)
    mbedtls_pk_verify                        0x0800b1e5   Thumb Code    40  pk.o(i.mbedtls_pk_verify)
    mbedtls_pk_verify_ext                    0x0800b20d   Thumb Code    90  pk.o(i.mbedtls_pk_verify_ext)
    mbedtls_pk_verify_restartable            0x0800b271   Thumb Code    86  pk.o(i.mbedtls_pk_verify_restartable)
    mbedtls_platform_zeroize                 0x0800b2cd   Thumb Code    26  platform_util.o(i.mbedtls_platform_zeroize)
    mbedtls_rsa_check_privkey                0x0800b2ed   Thumb Code   106  rsa.o(i.mbedtls_rsa_check_privkey)
    mbedtls_rsa_check_pub_priv               0x0800b35d   Thumb Code    70  rsa.o(i.mbedtls_rsa_check_pub_priv)
    mbedtls_rsa_check_pubkey                 0x0800b3a9   Thumb Code    88  rsa.o(i.mbedtls_rsa_check_pubkey)
    mbedtls_rsa_complete                     0x0800b405   Thumb Code   506  rsa.o(i.mbedtls_rsa_complete)
    mbedtls_rsa_deduce_crt                   0x0800b605   Thumb Code   160  rsa_internal.o(i.mbedtls_rsa_deduce_crt)
    mbedtls_rsa_deduce_primes                0x0800b6a5   Thumb Code   530  rsa_internal.o(i.mbedtls_rsa_deduce_primes)
    mbedtls_rsa_deduce_private_exponent      0x0800b8f1   Thumb Code   244  rsa_internal.o(i.mbedtls_rsa_deduce_private_exponent)
    mbedtls_rsa_free                         0x0800b9e5   Thumb Code   116  rsa.o(i.mbedtls_rsa_free)
    mbedtls_rsa_get_len                      0x0800ba59   Thumb Code     6  rsa.o(i.mbedtls_rsa_get_len)
    mbedtls_rsa_import_raw                   0x0800ba5f   Thumb Code   198  rsa.o(i.mbedtls_rsa_import_raw)
    mbedtls_rsa_init                         0x0800bb25   Thumb Code    36  rsa.o(i.mbedtls_rsa_init)
    mbedtls_rsa_pkcs1_decrypt                0x0800bb49   Thumb Code    72  rsa.o(i.mbedtls_rsa_pkcs1_decrypt)
    mbedtls_rsa_pkcs1_encrypt                0x0800bb95   Thumb Code    66  rsa.o(i.mbedtls_rsa_pkcs1_encrypt)
    mbedtls_rsa_pkcs1_sign                   0x0800bbdd   Thumb Code    68  rsa.o(i.mbedtls_rsa_pkcs1_sign)
    mbedtls_rsa_pkcs1_verify                 0x0800bc25   Thumb Code    68  rsa.o(i.mbedtls_rsa_pkcs1_verify)
    mbedtls_rsa_private                      0x0800bc6d   Thumb Code   854  rsa.o(i.mbedtls_rsa_private)
    mbedtls_rsa_public                       0x0800bfcd   Thumb Code   166  rsa.o(i.mbedtls_rsa_public)
    mbedtls_rsa_rsaes_pkcs1_v15_decrypt      0x0800c079   Thumb Code   502  rsa.o(i.mbedtls_rsa_rsaes_pkcs1_v15_decrypt)
    mbedtls_rsa_rsaes_pkcs1_v15_encrypt      0x0800c275   Thumb Code   246  rsa.o(i.mbedtls_rsa_rsaes_pkcs1_v15_encrypt)
    mbedtls_rsa_rsassa_pkcs1_v15_sign        0x0800c371   Thumb Code   234  rsa.o(i.mbedtls_rsa_rsassa_pkcs1_v15_sign)
    mbedtls_rsa_rsassa_pkcs1_v15_verify      0x0800c465   Thumb Code   214  rsa.o(i.mbedtls_rsa_rsassa_pkcs1_v15_verify)
    mbedtls_rsa_set_padding                  0x0800c545   Thumb Code    18  rsa.o(i.mbedtls_rsa_set_padding)
    mbedtls_rsa_validate_crt                 0x0800c559   Thumb Code   328  rsa_internal.o(i.mbedtls_rsa_validate_crt)
    mbedtls_rsa_validate_params              0x0800c6a9   Thumb Code   454  rsa_internal.o(i.mbedtls_rsa_validate_params)
    mbedtls_sha1_finish_ret                  0x0800c899   Thumb Code   304  sha1.o(i.mbedtls_sha1_finish_ret)
    mbedtls_sha1_free                        0x0800c9c9   Thumb Code    20  sha1.o(i.mbedtls_sha1_free)
    mbedtls_sha1_init                        0x0800c9dd   Thumb Code    18  sha1.o(i.mbedtls_sha1_init)
    mbedtls_sha1_ret                         0x0800c9ef   Thumb Code    84  sha1.o(i.mbedtls_sha1_ret)
    mbedtls_sha1_starts_ret                  0x0800ca45   Thumb Code    38  sha1.o(i.mbedtls_sha1_starts_ret)
    mbedtls_sha1_update_ret                  0x0800ca79   Thumb Code   158  sha1.o(i.mbedtls_sha1_update_ret)
    mbedtls_sha256_clone                     0x0800cb17   Thumb Code    26  sha256.o(i.mbedtls_sha256_clone)
    mbedtls_sha256_finish_ret                0x0800cb31   Thumb Code   418  sha256.o(i.mbedtls_sha256_finish_ret)
    mbedtls_sha256_free                      0x0800ccd3   Thumb Code    20  sha256.o(i.mbedtls_sha256_free)
    mbedtls_sha256_init                      0x0800cce7   Thumb Code    18  sha256.o(i.mbedtls_sha256_init)
    mbedtls_sha256_ret                       0x0800ccf9   Thumb Code   102  sha256.o(i.mbedtls_sha256_ret)
    mbedtls_sha256_starts_ret                0x0800cd61   Thumb Code    90  sha256.o(i.mbedtls_sha256_starts_ret)
    mbedtls_sha256_update_ret                0x0800cdfd   Thumb Code   158  sha256.o(i.mbedtls_sha256_update_ret)
    mbedtls_sha512_clone                     0x0800ce9b   Thumb Code    26  sha512.o(i.mbedtls_sha512_clone)
    mbedtls_sha512_finish_ret                0x0800ceb5   Thumb Code   992  sha512.o(i.mbedtls_sha512_finish_ret)
    mbedtls_sha512_free                      0x0800d295   Thumb Code    20  sha512.o(i.mbedtls_sha512_free)
    mbedtls_sha512_init                      0x0800d2a9   Thumb Code    18  sha512.o(i.mbedtls_sha512_init)
    mbedtls_sha512_ret                       0x0800d2bb   Thumb Code   102  sha512.o(i.mbedtls_sha512_ret)
    mbedtls_sha512_starts_ret                0x0800d321   Thumb Code   162  sha512.o(i.mbedtls_sha512_starts_ret)
    mbedtls_sha512_update_ret                0x0800d445   Thumb Code   178  sha512.o(i.mbedtls_sha512_update_ret)
    mbedtls_ssl_check_cert_usage             0x0800d4f7   Thumb Code     8  ssl_tls.o(i.mbedtls_ssl_check_cert_usage)
    mbedtls_ssl_check_timer                  0x0800d501   Thumb Code    48  ssl_msg.o(i.mbedtls_ssl_check_timer)
    mbedtls_ssl_ciphersuite_from_id          0x0800d5a1   Thumb Code    28  ssl_ciphersuites.o(i.mbedtls_ssl_ciphersuite_from_id)
    mbedtls_ssl_close_notify                 0x0800d5ed   Thumb Code   116  ssl_msg.o(i.mbedtls_ssl_close_notify)
    mbedtls_ssl_conf_authmode                0x0800d6d5   Thumb Code    10  ssl_tls.o(i.mbedtls_ssl_conf_authmode)
    mbedtls_ssl_conf_dbg                     0x0800d6df   Thumb Code     6  ssl_tls.o(i.mbedtls_ssl_conf_dbg)
    mbedtls_ssl_conf_endpoint                0x0800d6e5   Thumb Code    10  ssl_tls.o(i.mbedtls_ssl_conf_endpoint)
    mbedtls_ssl_conf_rng                     0x0800d6ef   Thumb Code     6  ssl_tls.o(i.mbedtls_ssl_conf_rng)
    mbedtls_ssl_conf_transport               0x0800d6f5   Thumb Code    10  ssl_tls.o(i.mbedtls_ssl_conf_transport)
    mbedtls_ssl_config_defaults              0x0800d701   Thumb Code   130  ssl_tls.o(i.mbedtls_ssl_config_defaults)
    mbedtls_ssl_config_free                  0x0800d799   Thumb Code    20  ssl_tls.o(i.mbedtls_ssl_config_free)
    mbedtls_ssl_config_init                  0x0800d7ad   Thumb Code    14  ssl_tls.o(i.mbedtls_ssl_config_init)
    mbedtls_ssl_decrypt_buf                  0x0800d7bd   Thumb Code  1912  ssl_msg.o(i.mbedtls_ssl_decrypt_buf)
    mbedtls_ssl_derive_keys                  0x0800df4d   Thumb Code   274  ssl_tls.o(i.mbedtls_ssl_derive_keys)
    mbedtls_ssl_encrypt_buf                  0x0800e0e5   Thumb Code  1762  ssl_msg.o(i.mbedtls_ssl_encrypt_buf)
    mbedtls_ssl_fetch_input                  0x0800e7f9   Thumb Code   316  ssl_msg.o(i.mbedtls_ssl_fetch_input)
    mbedtls_ssl_flush_output                 0x0800ea4d   Thumb Code   270  ssl_msg.o(i.mbedtls_ssl_flush_output)
    mbedtls_ssl_free                         0x0800ec49   Thumb Code   222  ssl_tls.o(i.mbedtls_ssl_free)
    mbedtls_ssl_get_ciphersuite_name         0x0800ed59   Thumb Code    22  ssl_ciphersuites.o(i.mbedtls_ssl_get_ciphersuite_name)
    mbedtls_ssl_get_max_out_record_payload   0x0800ed79   Thumb Code     8  ssl_tls.o(i.mbedtls_ssl_get_max_out_record_payload)
    mbedtls_ssl_handle_message_type          0x0800ed81   Thumb Code   288  ssl_msg.o(i.mbedtls_ssl_handle_message_type)
    mbedtls_ssl_handshake                    0x0800efbd   Thumb Code    78  ssl_tls.o(i.mbedtls_ssl_handshake)
    mbedtls_ssl_handshake_client_step        0x0800f051   Thumb Code   282  ssl_cli.o(i.mbedtls_ssl_handshake_client_step)
    mbedtls_ssl_handshake_free               0x0800f1c9   Thumb Code    48  ssl_tls.o(i.mbedtls_ssl_handshake_free)
    mbedtls_ssl_handshake_step               0x0800f1f9   Thumb Code    42  ssl_tls.o(i.mbedtls_ssl_handshake_step)
    mbedtls_ssl_handshake_wrapup             0x0800f229   Thumb Code   128  ssl_tls.o(i.mbedtls_ssl_handshake_wrapup)
    mbedtls_ssl_handshake_wrapup_free_hs_transform 0x0800f30d   Thumb Code    82  ssl_tls.o(i.mbedtls_ssl_handshake_wrapup_free_hs_transform)
    mbedtls_ssl_hash_from_md_alg             0x0800f3c1   Thumb Code    46  ssl_tls.o(i.mbedtls_ssl_hash_from_md_alg)
    mbedtls_ssl_init                         0x0800f3ef   Thumb Code    14  ssl_tls.o(i.mbedtls_ssl_init)
    mbedtls_ssl_list_ciphersuites            0x0800f3fd   Thumb Code     4  ssl_ciphersuites.o(i.mbedtls_ssl_list_ciphersuites)
    mbedtls_ssl_optimize_checksum            0x0800f405   Thumb Code    62  ssl_tls.o(i.mbedtls_ssl_optimize_checksum)
    mbedtls_ssl_parse_certificate            0x0800f4d1   Thumb Code   320  ssl_tls.o(i.mbedtls_ssl_parse_certificate)
    mbedtls_ssl_parse_change_cipher_spec     0x0800f6b1   Thumb Code   168  ssl_msg.o(i.mbedtls_ssl_parse_change_cipher_spec)
    mbedtls_ssl_parse_finished               0x0800f821   Thumb Code   344  ssl_tls.o(i.mbedtls_ssl_parse_finished)
    mbedtls_ssl_prepare_handshake_record     0x0800f9f9   Thumb Code   128  ssl_msg.o(i.mbedtls_ssl_prepare_handshake_record)
    mbedtls_ssl_read                         0x0800fb25   Thumb Code   516  ssl_msg.o(i.mbedtls_ssl_read)
    mbedtls_ssl_read_record                  0x0800fe61   Thumb Code   214  ssl_msg.o(i.mbedtls_ssl_read_record)
    mbedtls_ssl_read_version                 0x0800ffcd   Thumb Code    12  ssl_msg.o(i.mbedtls_ssl_read_version)
    mbedtls_ssl_reset_in_out_pointers        0x0800ffd9   Thumb Code    36  ssl_msg.o(i.mbedtls_ssl_reset_in_out_pointers)
    mbedtls_ssl_send_alert_message           0x0800fffd   Thumb Code   138  ssl_msg.o(i.mbedtls_ssl_send_alert_message)
    mbedtls_ssl_session_free                 0x08010119   Thumb Code    26  ssl_tls.o(i.mbedtls_ssl_session_free)
    mbedtls_ssl_session_init                 0x08010133   Thumb Code    14  ssl_tls.o(i.mbedtls_ssl_session_init)
    mbedtls_ssl_set_bio                      0x08010141   Thumb Code    14  ssl_tls.o(i.mbedtls_ssl_set_bio)
    mbedtls_ssl_set_timer                    0x08010151   Thumb Code    44  ssl_msg.o(i.mbedtls_ssl_set_timer)
    mbedtls_ssl_setup                        0x080101b1   Thumb Code   186  ssl_tls.o(i.mbedtls_ssl_setup)
    mbedtls_ssl_sig_from_pk                  0x080102a9   Thumb Code    22  ssl_tls.o(i.mbedtls_ssl_sig_from_pk)
    mbedtls_ssl_sig_hash_set_const_hash      0x080102bf   Thumb Code     6  ssl_tls.o(i.mbedtls_ssl_sig_hash_set_const_hash)
    mbedtls_ssl_transform_free               0x080102c5   Thumb Code    52  ssl_msg.o(i.mbedtls_ssl_transform_free)
    mbedtls_ssl_transform_init               0x080102f9   Thumb Code    46  ssl_tls.o(i.mbedtls_ssl_transform_init)
    mbedtls_ssl_update_handshake_status      0x08010327   Thumb Code    32  ssl_msg.o(i.mbedtls_ssl_update_handshake_status)
    mbedtls_ssl_update_in_pointers           0x08010347   Thumb Code    24  ssl_msg.o(i.mbedtls_ssl_update_in_pointers)
    mbedtls_ssl_update_out_pointers          0x0801035f   Thumb Code    52  ssl_msg.o(i.mbedtls_ssl_update_out_pointers)
    mbedtls_ssl_write                        0x08010395   Thumb Code   118  ssl_msg.o(i.mbedtls_ssl_write)
    mbedtls_ssl_write_certificate            0x08010461   Thumb Code   362  ssl_tls.o(i.mbedtls_ssl_write_certificate)
    mbedtls_ssl_write_change_cipher_spec     0x08010691   Thumb Code   106  ssl_msg.o(i.mbedtls_ssl_write_change_cipher_spec)
    mbedtls_ssl_write_finished               0x08010775   Thumb Code   210  ssl_tls.o(i.mbedtls_ssl_write_finished)
    mbedtls_ssl_write_handshake_msg          0x080108e5   Thumb Code   262  ssl_msg.o(i.mbedtls_ssl_write_handshake_msg)
    mbedtls_ssl_write_record                 0x08010a99   Thumb Code   546  ssl_msg.o(i.mbedtls_ssl_write_record)
    mbedtls_ssl_write_version                0x08010dc1   Thumb Code     8  ssl_msg.o(i.mbedtls_ssl_write_version)
    mbedtls_x509_crt_free                    0x08010dc9   Thumb Code   236  x509_crt.o(i.mbedtls_x509_crt_free)
    mbedtls_x509_crt_info                    0x08010eb5   Thumb Code  1700  x509_crt.o(i.mbedtls_x509_crt_info)
    mbedtls_x509_crt_init                    0x080115a9   Thumb Code    16  x509_crt.o(i.mbedtls_x509_crt_init)
    mbedtls_x509_crt_parse_der_nocopy        0x08011659   Thumb Code    28  x509_crt.o(i.mbedtls_x509_crt_parse_der_nocopy)
    mbedtls_x509_crt_verify_restartable      0x08011675   Thumb Code    42  x509_crt.o(i.mbedtls_x509_crt_verify_restartable)
    mbedtls_x509_dn_gets                     0x080116a1   Thumb Code   266  x509.o(i.mbedtls_x509_dn_gets)
    mbedtls_x509_get_alg                     0x080117c5   Thumb Code    46  x509.o(i.mbedtls_x509_get_alg)
    mbedtls_x509_get_ext                     0x080117f5   Thumb Code   100  x509.o(i.mbedtls_x509_get_ext)
    mbedtls_x509_get_name                    0x0801185d   Thumb Code   136  x509.o(i.mbedtls_x509_get_name)
    mbedtls_x509_get_serial                  0x080118e9   Thumb Code    96  x509.o(i.mbedtls_x509_get_serial)
    mbedtls_x509_get_sig                     0x0801194d   Thumb Code    76  x509.o(i.mbedtls_x509_get_sig)
    mbedtls_x509_get_sig_alg                 0x0801199d   Thumb Code    76  x509.o(i.mbedtls_x509_get_sig_alg)
    mbedtls_x509_get_time                    0x080119f1   Thumb Code    98  x509.o(i.mbedtls_x509_get_time)
    mbedtls_x509_key_size_helper             0x08011a59   Thumb Code    58  x509.o(i.mbedtls_x509_key_size_helper)
    mbedtls_x509_parse_subject_alt_name      0x08011aa5   Thumb Code   102  x509_crt.o(i.mbedtls_x509_parse_subject_alt_name)
    mbedtls_x509_serial_gets                 0x08011b11   Thumb Code   158  x509.o(i.mbedtls_x509_serial_gets)
    mbedtls_x509_sig_alg_gets                0x08011bcd   Thumb Code    92  x509.o(i.mbedtls_x509_sig_alg_gets)
    mbedtls_x509_time_is_future              0x08011c35   Thumb Code     6  x509.o(i.mbedtls_x509_time_is_future)
    mbedtls_x509_time_is_past                0x08011c3b   Thumb Code     6  x509.o(i.mbedtls_x509_time_is_past)
    net_recv                                 0x08012bd1   Thumb Code     4  main.o(i.net_recv)
    net_send                                 0x08012bd5   Thumb Code     4  main.o(i.net_send)
    ssl_int                                  0x08013d75   Thumb Code   210  main.o(i.ssl_int)
    time                                     0x08016fc1   Thumb Code    12  main.o(i.time)
    uart_init                                0x0801715d   Thumb Code   124  usart.o(i.uart_init)
    mbedtls_cipher_definitions               0x0801b3a4   Data          80  cipher_wrap.o(.constdata)
    mbedtls_md5_info                         0x0801b478   Data           8  md.o(.constdata)
    mbedtls_sha1_info                        0x0801b480   Data           8  md.o(.constdata)
    mbedtls_sha224_info                      0x0801b488   Data           8  md.o(.constdata)
    mbedtls_sha256_info                      0x0801b490   Data           8  md.o(.constdata)
    mbedtls_sha384_info                      0x0801b498   Data           8  md.o(.constdata)
    mbedtls_sha512_info                      0x0801b4a0   Data           8  md.o(.constdata)
    mbedtls_rsa_info                         0x0801b9c4   Data          48  pk_wrap.o(.constdata)
    mbedtls_x509_crt_profile_default         0x0801be60   Data          16  x509_crt.o(.constdata)
    mbedtls_x509_crt_profile_next            0x0801be70   Data          16  x509_crt.o(.constdata)
    mbedtls_x509_crt_profile_suiteb          0x0801be80   Data          16  x509_crt.o(.constdata)
    Region$$Table$$Base                      0x0801cfa0   Number         0  anon$$obj.o(Region$$Table)
    Region$$Table$$Limit                     0x0801cfc0   Number         0  anon$$obj.o(Region$$Table)
    MainLen                                  0x20000000   Data           4  main.o(.data)
    net_recv_data_len                        0x20000004   Data           4  main.o(.data)
    net_recv_data_len_count                  0x20000008   Data           4  main.o(.data)
    ret                                      0x2000000c   Data           4  main.o(.data)
    pers                                     0x20000010   Data           4  main.o(.data)
    SysTickLedTime                           0x20000014   Data           4  delay.o(.data)
    SysTickCntMs                             0x20000018   Data           4  delay.o(.data)
    Usart1ReadCnt                            0x2000001c   Data           4  usart.o(.data)
    Usart1ReadCntCopy                        0x20000020   Data           4  usart.o(.data)
    Usart1IdleCnt                            0x20000024   Data           4  usart.o(.data)
    Usart1IdleTime                           0x20000028   Data           4  usart.o(.data)
    Usart1ReadFlage                          0x2000002c   Data           1  usart.o(.data)
    SystemCoreClock                          0x20000030   Data           4  system_stm32f10x.o(.data)
    AHBPrescTable                            0x20000034   Data          16  system_stm32f10x.o(.data)
    __stdout                                 0x20000094   Data           4  stdout.o(.data)
    __microlib_freelist                      0x2000009c   Data           4  mvars.o(.data)
    __microlib_freelist_initialised          0x200000a0   Data           4  mvars.o(.data)
    MainBuffer                               0x200000a8   Data        2000  main.o(.bss)
    net_recv_buff                            0x20000878   Data        2000  main.o(.bss)
    entropy                                  0x20001048   Data         632  main.o(.bss)
    ctr_drbg                                 0x200012c0   Data         320  main.o(.bss)
    ssl                                      0x20001400   Data         196  main.o(.bss)
    conf                                     0x200014c4   Data          84  main.o(.bss)
    Usart1ReadBuff                           0x20001518   Data         150  usart.o(.bss)
    __heap_base                              0x200015b0   Data           0  startup_stm32f10x_hd.o(HEAP)
    __heap_limit                             0x2000b5b0   Data           0  startup_stm32f10x_hd.o(HEAP)
    __initial_sp                             0x2000b9b0   Data           0  startup_stm32f10x_hd.o(STACK)



==============================================================================

Memory Map of the image

  Image Entry point : 0x08000131

  Load Region LR_IROM1 (Base: 0x08000000, Size: 0x0001d064, Max: 0x00080000, ABSOLUTE)

    Execution Region ER_IROM1 (Base: 0x08000000, Size: 0x0001cfc0, Max: 0x00080000, ABSOLUTE)

    Base Addr    Size         Type   Attr      Idx    E Section Name        Object

    0x08000000   0x00000130   Data   RO         1292    RESET               startup_stm32f10x_hd.o
    0x08000130   0x00000000   Code   RO         5394  * .ARM.Collect$$$$00000000  mc_w.l(entry.o)
    0x08000130   0x00000004   Code   RO         5710    .ARM.Collect$$$$00000001  mc_w.l(entry2.o)
    0x08000134   0x00000004   Code   RO         5713    .ARM.Collect$$$$00000004  mc_w.l(entry5.o)
    0x08000138   0x00000000   Code   RO         5715    .ARM.Collect$$$$00000008  mc_w.l(entry7b.o)
    0x08000138   0x00000000   Code   RO         5717    .ARM.Collect$$$$0000000A  mc_w.l(entry8b.o)
    0x08000138   0x00000008   Code   RO         5718    .ARM.Collect$$$$0000000B  mc_w.l(entry9a.o)
    0x08000140   0x00000000   Code   RO         5720    .ARM.Collect$$$$0000000D  mc_w.l(entry10a.o)
    0x08000140   0x00000000   Code   RO         5722    .ARM.Collect$$$$0000000F  mc_w.l(entry11a.o)
    0x08000140   0x00000004   Code   RO         5711    .ARM.Collect$$$$00002712  mc_w.l(entry2.o)
    0x08000144   0x00000024   Code   RO         1293    .text               startup_stm32f10x_hd.o
    0x08000168   0x00000024   Code   RO         5398    .text               mc_w.l(rand.o)
    0x0800018c   0x00000040   Code   RO         5403    .text               mc_w.l(memmovea.o)
    0x080001cc   0x00000024   Code   RO         5407    .text               mc_w.l(memseta.o)
    0x080001f0   0x0000000e   Code   RO         5409    .text               mc_w.l(strlen.o)
    0x080001fe   0x0000001a   Code   RO         5413    .text               mc_w.l(memcmp.o)
    0x08000218   0x0000001c   Code   RO         5708    .text               mc_w.l(calloc.o)
    0x08000234   0x0000002c   Code   RO         5724    .text               mc_w.l(uidiv.o)
    0x08000260   0x00000062   Code   RO         5726    .text               mc_w.l(uldiv.o)
    0x080002c2   0x00000000   Code   RO         5730    .text               mc_w.l(iusefp.o)
    0x080002c2   0x0000014e   Code   RO         5731    .text               mf_w.l(dadd.o)
    0x08000410   0x000000e4   Code   RO         5733    .text               mf_w.l(dmul.o)
    0x080004f4   0x000000de   Code   RO         5735    .text               mf_w.l(ddiv.o)
    0x080005d2   0x00000030   Code   RO         5737    .text               mf_w.l(dfixul.o)
    0x08000602   0x00000002   PAD
    0x08000604   0x00000030   Code   RO         5739    .text               mf_w.l(cdrcmple.o)
    0x08000634   0x00000024   Code   RO         5741    .text               mc_w.l(init.o)
    0x08000658   0x0000001e   Code   RO         5743    .text               mc_w.l(llshl.o)
    0x08000676   0x00000020   Code   RO         5745    .text               mc_w.l(llushr.o)
    0x08000696   0x00000024   Code   RO         5747    .text               mc_w.l(llsshr.o)
    0x080006ba   0x000000ba   Code   RO         5749    .text               mf_w.l(depilogue.o)
    0x08000774   0x00000004   Code   RO            3    i.BusFault_Handler  stm32f10x_it.o
    0x08000778   0x00000002   Code   RO            4    i.DebugMon_Handler  stm32f10x_it.o
    0x0800077a   0x00000002   PAD
    0x0800077c   0x00000068   Code   RO          372    i.DelayInit         delay.o
    0x080007e4   0x00000116   Code   RO         1176    i.GPIO_Init         stm32f10x_gpio.o
    0x080008fa   0x00000002   PAD
    0x080008fc   0x00000080   Code   RO          465    i.GpioInit          gpio.o
    0x0800097c   0x00000030   Code   RO            5    i.HardFault_Handler  stm32f10x_it.o
    0x080009ac   0x00000004   Code   RO            6    i.MemManage_Handler  stm32f10x_it.o
    0x080009b0   0x00000002   Code   RO            7    i.NMI_Handler       stm32f10x_it.o
    0x080009b2   0x00000028   Code   RO          346    i.NVIC_Configuration  system.o
    0x080009da   0x00000002   PAD
    0x080009dc   0x00000070   Code   RO          548    i.NVIC_Init         misc.o
    0x08000a4c   0x00000014   Code   RO          549    i.NVIC_PriorityGroupConfig  misc.o
    0x08000a60   0x00000002   Code   RO            8    i.PendSV_Handler    stm32f10x_it.o
    0x08000a62   0x00000002   PAD
    0x08000a64   0x00000020   Code   RO          596    i.RCC_APB2PeriphClockCmd  stm32f10x_rcc.o
    0x08000a84   0x000000d4   Code   RO          604    i.RCC_GetClocksFreq  stm32f10x_rcc.o
    0x08000b58   0x00000002   Code   RO            9    i.SVC_Handler       stm32f10x_it.o
    0x08000b5a   0x00000008   Code   RO          493    i.SetSysClock       system_stm32f10x.o
    0x08000b62   0x00000002   PAD
    0x08000b64   0x000000e0   Code   RO          494    i.SetSysClockTo72   system_stm32f10x.o
    0x08000c44   0x00000028   Code   RO          552    i.SysTick_CLKSourceConfig  misc.o
    0x08000c6c   0x0000005c   Code   RO          373    i.SysTick_Handler   delay.o
    0x08000cc8   0x00000060   Code   RO          496    i.SystemInit        system_stm32f10x.o
    0x08000d28   0x0000004c   Code   RO          414    i.USART1_IRQHandler  usart.o
    0x08000d74   0x0000001e   Code   RO          801    i.USART_ClearITPendingBit  stm32f10x_usart.o
    0x08000d92   0x00000018   Code   RO          804    i.USART_Cmd         stm32f10x_usart.o
    0x08000daa   0x0000001a   Code   RO          807    i.USART_GetFlagStatus  stm32f10x_usart.o
    0x08000dc4   0x00000054   Code   RO          808    i.USART_GetITStatus  stm32f10x_usart.o
    0x08000e18   0x0000004a   Code   RO          810    i.USART_ITConfig    stm32f10x_usart.o
    0x08000e62   0x00000002   PAD
    0x08000e64   0x000000d8   Code   RO          811    i.USART_Init        stm32f10x_usart.o
    0x08000f3c   0x0000000a   Code   RO          818    i.USART_ReceiveData  stm32f10x_usart.o
    0x08000f46   0x00000008   Code   RO          821    i.USART_SendData    stm32f10x_usart.o
    0x08000f4e   0x00000004   Code   RO           10    i.UsageFault_Handler  stm32f10x_it.o
    0x08000f52   0x00000002   PAD
    0x08000f54   0x00000020   Code   RO         5652    i.__0printf         mc_w.l(printfa.o)
    0x08000f74   0x00000028   Code   RO         5653    i.__0snprintf       mc_w.l(printfa.o)
    0x08000f9c   0x00000024   Code   RO         5657    i.__0vsnprintf      mc_w.l(printfa.o)
    0x08000fc0   0x0000000e   Code   RO         5753    i.__scatterload_copy  mc_w.l(handlers.o)
    0x08000fce   0x00000002   Code   RO         5754    i.__scatterload_null  mc_w.l(handlers.o)
    0x08000fd0   0x0000000e   Code   RO         5755    i.__scatterload_zeroinit  mc_w.l(handlers.o)
    0x08000fde   0x00000002   PAD
    0x08000fe0   0x00000164   Code   RO         5659    i._fp_digits        mc_w.l(printfa.o)
    0x08001144   0x000006dc   Code   RO         5660    i._printf_core      mc_w.l(printfa.o)
    0x08001820   0x00000024   Code   RO         5661    i._printf_post_padding  mc_w.l(printfa.o)
    0x08001844   0x0000002e   Code   RO         5662    i._printf_pre_padding  mc_w.l(printfa.o)
    0x08001872   0x00000016   Code   RO         5663    i._snputc           mc_w.l(printfa.o)
    0x08001888   0x00000024   Code   RO         2201    i.aes_crypt_cbc_wrap  cipher_wrap.o
    0x080018ac   0x0000001c   Code   RO         2202    i.aes_crypt_ecb_wrap  cipher_wrap.o
    0x080018c8   0x0000001e   Code   RO         2203    i.aes_ctx_alloc     cipher_wrap.o
    0x080018e6   0x00000012   Code   RO         2204    i.aes_ctx_free      cipher_wrap.o
    0x080018f8   0x00000014   Code   RO         2205    i.aes_setkey_dec_wrap  cipher_wrap.o
    0x0800190c   0x00000014   Code   RO         2206    i.aes_setkey_enc_wrap  cipher_wrap.o
    0x08001920   0x0000000c   Code   RO         3473    i.all_or_nothing_int  rsa.o
    0x0800192c   0x0000003e   Code   RO         1408    i.asn1_get_sequence_of_cb  asn1parse.o
    0x0800196a   0x000000a4   Code   RO         1409    i.asn1_get_tagged_int  asn1parse.o
    0x08001a0e   0x00000170   Code   RO         2272    i.block_cipher_df   ctr_drbg.o
    0x08001b7e   0x000000a0   Code   RO         2273    i.ctr_drbg_update_internal  ctr_drbg.o
    0x08001c1e   0x00000002   PAD
    0x08001c20   0x000000bc   Code   RO          163    i.custom_ssl_recv   main.o
    0x08001cdc   0x00000016   Code   RO          164    i.custom_ssl_send   main.o
    0x08001cf2   0x00000060   Code   RO         2373    i.debug_print_line_by_line  debug.o
    0x08001d52   0x00000002   PAD
    0x08001d54   0x000000e4   Code   RO         2374    i.debug_print_pk    debug.o
    0x08001e38   0x00000026   Code   RO         2375    i.debug_send_line   debug.o
    0x08001e5e   0x000000b2   Code   RO         2530    i.entropy_gather_internal  entropy.o
    0x08001f10   0x0000008c   Code   RO         2531    i.entropy_update    entropy.o
    0x08001f9c   0x00000040   Code   RO          417    i.fputc             usart.o
    0x08001fdc   0x00000050   Code   RO         5680    i.free              mc_w.l(malloc.o)
    0x0800202c   0x00000016   Code   RO         2207    i.gcm_aes_setkey_wrap  cipher_wrap.o
    0x08002042   0x0000001a   Code   RO         2208    i.gcm_ctx_alloc     cipher_wrap.o
    0x0800205c   0x00000012   Code   RO         2209    i.gcm_ctx_free      cipher_wrap.o
    0x0800206e   0x00000194   Code   RO         2604    i.gcm_gen_table     gcm.o
    0x08002202   0x00000002   PAD
    0x08002204   0x000001c4   Code   RO         2605    i.gcm_mult          gcm.o
    0x080023c8   0x00000014   Code   RO         2054    i.get_no_padding    cipher.o
    0x080023dc   0x00000010   Code   RO         2274    i.good_nonce_len    ctr_drbg.o
    0x080023ec   0x00000020   Code   RO         3474    i.if_int            rsa.o
    0x0800240c   0x00000074   Code   RO          165    i.main              main.o
    0x08002480   0x0000006c   Code   RO         5681    i.malloc            mc_w.l(malloc.o)
    0x080024ec   0x000000b6   Code   RO         1297    i.mbedtls_aes_crypt_cbc  aes.o
    0x080025a2   0x0000003a   Code   RO         1298    i.mbedtls_aes_crypt_ecb  aes.o
    0x080025dc   0x00000016   Code   RO         1301    i.mbedtls_aes_free  aes.o
    0x080025f2   0x00000014   Code   RO         1302    i.mbedtls_aes_init  aes.o
    0x08002606   0x00000002   PAD
    0x08002608   0x000000e8   Code   RO         1303    i.mbedtls_aes_setkey_dec  aes.o
    0x080026f0   0x00000200   Code   RO         1304    i.mbedtls_aes_setkey_enc  aes.o
    0x080028f0   0x000000b2   Code   RO         1413    i.mbedtls_asn1_get_alg  asn1parse.o
    0x080029a2   0x00000064   Code   RO         1415    i.mbedtls_asn1_get_bitstring  asn1parse.o
    0x08002a06   0x00000046   Code   RO         1416    i.mbedtls_asn1_get_bitstring_null  asn1parse.o
    0x08002a4c   0x00000044   Code   RO         1417    i.mbedtls_asn1_get_bool  asn1parse.o
    0x08002a90   0x00000016   Code   RO         1419    i.mbedtls_asn1_get_int  asn1parse.o
    0x08002aa6   0x000000fe   Code   RO         1420    i.mbedtls_asn1_get_len  asn1parse.o
    0x08002ba4   0x0000003c   Code   RO         1422    i.mbedtls_asn1_get_sequence_of  asn1parse.o
    0x08002be0   0x00000038   Code   RO         1423    i.mbedtls_asn1_get_tag  asn1parse.o
    0x08002c18   0x000000a2   Code   RO         1425    i.mbedtls_asn1_traverse_sequence_of  asn1parse.o
    0x08002cba   0x00000002   PAD
    0x08002cbc   0x00000080   Code   RO         2055    i.mbedtls_cipher_auth_decrypt  cipher.o
    0x08002d3c   0x00000068   Code   RO         2056    i.mbedtls_cipher_auth_encrypt  cipher.o
    0x08002da4   0x0000008a   Code   RO         2058    i.mbedtls_cipher_crypt  cipher.o
    0x08002e2e   0x00000002   PAD
    0x08002e30   0x00000148   Code   RO         2059    i.mbedtls_cipher_finish  cipher.o
    0x08002f78   0x00000022   Code   RO         2060    i.mbedtls_cipher_free  cipher.o
    0x08002f9a   0x00000014   Code   RO         2061    i.mbedtls_cipher_get_block_size  cipher.o
    0x08002fae   0x00000014   Code   RO         4118    i.mbedtls_cipher_get_cipher_mode  ssl_msg.o
    0x08002fc2   0x00000002   PAD
    0x08002fc4   0x00000020   Code   RO         2063    i.mbedtls_cipher_info_from_type  cipher.o
    0x08002fe4   0x00000038   Code   RO         2064    i.mbedtls_cipher_info_from_values  cipher.o
    0x0800301c   0x00000012   Code   RO         2065    i.mbedtls_cipher_init  cipher.o
    0x0800302e   0x00000002   PAD
    0x08003030   0x0000001c   Code   RO         2067    i.mbedtls_cipher_reset  cipher.o
    0x0800304c   0x00000058   Code   RO         2068    i.mbedtls_cipher_set_iv  cipher.o
    0x080030a4   0x00000038   Code   RO         2069    i.mbedtls_cipher_set_padding_mode  cipher.o
    0x080030dc   0x00000084   Code   RO         2070    i.mbedtls_cipher_setkey  cipher.o
    0x08003160   0x0000003c   Code   RO         2071    i.mbedtls_cipher_setup  cipher.o
    0x0800319c   0x000001c4   Code   RO         2072    i.mbedtls_cipher_update  cipher.o
    0x08003360   0x0000001e   Code   RO         1679    i.mbedtls_clz       bignum.o
    0x0800337e   0x0000001e   Code   RO         2275    i.mbedtls_ctr_drbg_free  ctr_drbg.o
    0x0800339c   0x00000016   Code   RO         2276    i.mbedtls_ctr_drbg_init  ctr_drbg.o
    0x080033b2   0x00000028   Code   RO         2277    i.mbedtls_ctr_drbg_random  ctr_drbg.o
    0x080033da   0x000000fe   Code   RO         2278    i.mbedtls_ctr_drbg_random_with_add  ctr_drbg.o
    0x080034d8   0x00000016   Code   RO         2279    i.mbedtls_ctr_drbg_reseed  ctr_drbg.o
    0x080034ee   0x000000d2   Code   RO         2280    i.mbedtls_ctr_drbg_reseed_internal  ctr_drbg.o
    0x080035c0   0x00000084   Code   RO         2281    i.mbedtls_ctr_drbg_seed  ctr_drbg.o
    0x08003644   0x00000168   Code   RO         2376    i.mbedtls_debug_print_buf  debug.o
    0x080037ac   0x000000bc   Code   RO         2377    i.mbedtls_debug_print_crt  debug.o
    0x08003868   0x000001b4   Code   RO         2378    i.mbedtls_debug_print_mpi  debug.o
    0x08003a1c   0x00000078   Code   RO         2379    i.mbedtls_debug_print_msg  debug.o
    0x08003a94   0x00000084   Code   RO         2380    i.mbedtls_debug_print_ret  debug.o
    0x08003b18   0x0000000c   Code   RO         2381    i.mbedtls_debug_set_threshold  debug.o
    0x08003b24   0x00000058   Code   RO         2532    i.mbedtls_entropy_add_source  entropy.o
    0x08003b7c   0x00000024   Code   RO         2533    i.mbedtls_entropy_free  entropy.o
    0x08003ba0   0x0000014a   Code   RO         2534    i.mbedtls_entropy_func  entropy.o
    0x08003cea   0x00000002   PAD
    0x08003cec   0x00000038   Code   RO         2536    i.mbedtls_entropy_init  entropy.o
    0x08003d24   0x0000008e   Code   RO         2606    i.mbedtls_gcm_auth_decrypt  gcm.o
    0x08003db2   0x00000076   Code   RO         2607    i.mbedtls_gcm_crypt_and_tag  gcm.o
    0x08003e28   0x0000018c   Code   RO         2608    i.mbedtls_gcm_finish  gcm.o
    0x08003fb4   0x0000001c   Code   RO         2609    i.mbedtls_gcm_free  gcm.o
    0x08003fd0   0x00000014   Code   RO         2610    i.mbedtls_gcm_init  gcm.o
    0x08003fe4   0x00000080   Code   RO         2611    i.mbedtls_gcm_setkey  gcm.o
    0x08004064   0x0000018c   Code   RO         2612    i.mbedtls_gcm_starts  gcm.o
    0x080041f0   0x0000013c   Code   RO         2613    i.mbedtls_gcm_update  gcm.o
    0x0800432c   0x00000032   Code   RO          166    i.mbedtls_hardware_poll  main.o
    0x0800435e   0x000000fa   Code   RO         1680    i.mbedtls_int_div_int  bignum.o
    0x08004458   0x00000572   Code   RO         1305    i.mbedtls_internal_aes_decrypt  aes.o
    0x080049ca   0x00000002   PAD
    0x080049cc   0x00000572   Code   RO         1306    i.mbedtls_internal_aes_encrypt  aes.o
    0x08004f3e   0x00000002   PAD
    0x08004f40   0x00000a10   Code   RO         2866    i.mbedtls_internal_md5_process  md5.o
    0x08005950   0x00001718   Code   RO         3702    i.mbedtls_internal_sha1_process  sha1.o
    0x08007068   0x00000e1c   Code   RO         3786    i.mbedtls_internal_sha256_process  sha256.o
    0x08007e84   0x00000e4c   Code   RO         3872    i.mbedtls_internal_sha512_process  sha512.o
    0x08008cd0   0x00000080   Code   RO         2694    i.mbedtls_md        md.o
    0x08008d50   0x00000112   Code   RO         2870    i.mbedtls_md5_finish_ret  md5.o
    0x08008e62   0x00000014   Code   RO         2871    i.mbedtls_md5_free  md5.o
    0x08008e76   0x0000000e   Code   RO         2872    i.mbedtls_md5_init  md5.o
    0x08008e84   0x0000004c   Code   RO         2874    i.mbedtls_md5_ret   md5.o
    0x08008ed0   0x00000028   Code   RO         2876    i.mbedtls_md5_starts_ret  md5.o
    0x08008ef8   0x00000096   Code   RO         2878    i.mbedtls_md5_update_ret  md5.o
    0x08008f8e   0x00000002   PAD
    0x08008f90   0x00000058   Code   RO         2696    i.mbedtls_md_finish  md.o
    0x08008fe8   0x00000074   Code   RO         2697    i.mbedtls_md_free   md.o
    0x0800905c   0x0000000c   Code   RO         2699    i.mbedtls_md_get_size  md.o
    0x08009068   0x0000000c   Code   RO         2700    i.mbedtls_md_get_type  md.o
    0x08009074   0x00000078   Code   RO         2702    i.mbedtls_md_hmac_finish  md.o
    0x080090ec   0x00000038   Code   RO         2703    i.mbedtls_md_hmac_reset  md.o
    0x08009124   0x000000d8   Code   RO         2704    i.mbedtls_md_hmac_starts  md.o
    0x080091fc   0x00000028   Code   RO         2705    i.mbedtls_md_hmac_update  md.o
    0x08009224   0x00000048   Code   RO         2707    i.mbedtls_md_info_from_type  md.o
    0x0800926c   0x0000000a   Code   RO         2708    i.mbedtls_md_init   md.o
    0x08009276   0x00000002   PAD
    0x08009278   0x00000058   Code   RO         2711    i.mbedtls_md_process  md.o
    0x080092d0   0x000000d4   Code   RO         2712    i.mbedtls_md_setup  md.o
    0x080093a4   0x00000064   Code   RO         2713    i.mbedtls_md_starts  md.o
    0x08009408   0x00000064   Code   RO         2714    i.mbedtls_md_update  md.o
    0x0800946c   0x00000104   Code   RO         1681    i.mbedtls_mpi_add_abs  bignum.o
    0x08009570   0x00000040   Code   RO         1682    i.mbedtls_mpi_add_int  bignum.o
    0x080095b0   0x00000084   Code   RO         1683    i.mbedtls_mpi_add_mpi  bignum.o
    0x08009634   0x00000038   Code   RO         1684    i.mbedtls_mpi_bitlen  bignum.o
    0x0800966c   0x00000092   Code   RO         1685    i.mbedtls_mpi_cmp_abs  bignum.o
    0x080096fe   0x00000038   Code   RO         1686    i.mbedtls_mpi_cmp_int  bignum.o
    0x08009736   0x000000b4   Code   RO         1687    i.mbedtls_mpi_cmp_mpi  bignum.o
    0x080097ea   0x00000080   Code   RO         1688    i.mbedtls_mpi_copy  bignum.o
    0x0800986a   0x000003c6   Code   RO         1690    i.mbedtls_mpi_div_mpi  bignum.o
    0x08009c30   0x000004f6   Code   RO         1691    i.mbedtls_mpi_exp_mod  bignum.o
    0x0800a126   0x00000084   Code   RO         1692    i.mbedtls_mpi_fill_random  bignum.o
    0x0800a1aa   0x00000028   Code   RO         1693    i.mbedtls_mpi_free  bignum.o
    0x0800a1d2   0x00000178   Code   RO         1694    i.mbedtls_mpi_gcd   bignum.o
    0x0800a34a   0x00000026   Code   RO         1695    i.mbedtls_mpi_get_bit  bignum.o
    0x0800a370   0x00000056   Code   RO         1696    i.mbedtls_mpi_grow  bignum.o
    0x0800a3c6   0x00000010   Code   RO         1697    i.mbedtls_mpi_init  bignum.o
    0x0800a3d6   0x0000033e   Code   RO         1698    i.mbedtls_mpi_inv_mod  bignum.o
    0x0800a714   0x00000038   Code   RO         1699    i.mbedtls_mpi_lsb   bignum.o
    0x0800a74c   0x0000004c   Code   RO         1700    i.mbedtls_mpi_lset  bignum.o
    0x0800a798   0x0000008e   Code   RO         1703    i.mbedtls_mpi_mod_mpi  bignum.o
    0x0800a826   0x0000002a   Code   RO         1704    i.mbedtls_mpi_mul_int  bignum.o
    0x0800a850   0x000000f8   Code   RO         1705    i.mbedtls_mpi_mul_mpi  bignum.o
    0x0800a948   0x00000086   Code   RO         1706    i.mbedtls_mpi_read_binary  bignum.o
    0x0800a9ce   0x000000ca   Code   RO         1712    i.mbedtls_mpi_shift_l  bignum.o
    0x0800aa98   0x000000aa   Code   RO         1713    i.mbedtls_mpi_shift_r  bignum.o
    0x0800ab42   0x00000010   Code   RO         1715    i.mbedtls_mpi_size  bignum.o
    0x0800ab52   0x000000ca   Code   RO         1716    i.mbedtls_mpi_sub_abs  bignum.o
    0x0800ac1c   0x00000040   Code   RO         1717    i.mbedtls_mpi_sub_int  bignum.o
    0x0800ac5c   0x00000084   Code   RO         1718    i.mbedtls_mpi_sub_mpi  bignum.o
    0x0800ace0   0x00000082   Code   RO         1720    i.mbedtls_mpi_write_binary  bignum.o
    0x0800ad62   0x00000010   Code   RO         1723    i.mbedtls_mpi_zeroize  bignum.o
    0x0800ad72   0x0000001e   Code   RO         2968    i.mbedtls_oid_get_attr_short_name  oid.o
    0x0800ad90   0x0000001e   Code   RO         2969    i.mbedtls_oid_get_certificate_policies  oid.o
    0x0800adae   0x0000001e   Code   RO         2971    i.mbedtls_oid_get_extended_key_usage  oid.o
    0x0800adcc   0x000000cc   Code   RO         2974    i.mbedtls_oid_get_numeric_string  oid.o
    0x0800ae98   0x00000030   Code   RO         2975    i.mbedtls_oid_get_oid_by_md  oid.o
    0x0800aec8   0x0000001e   Code   RO         2978    i.mbedtls_oid_get_pk_alg  oid.o
    0x0800aee6   0x00000028   Code   RO         2979    i.mbedtls_oid_get_sig_alg  oid.o
    0x0800af0e   0x0000001e   Code   RO         2980    i.mbedtls_oid_get_sig_alg_desc  oid.o
    0x0800af2c   0x0000001e   Code   RO         2981    i.mbedtls_oid_get_x509_ext_type  oid.o
    0x0800af4a   0x0000001a   Code   RO         3131    i.mbedtls_pk_can_do  pk.o
    0x0800af64   0x00000030   Code   RO         3133    i.mbedtls_pk_debug  pk.o
    0x0800af94   0x00000058   Code   RO         3135    i.mbedtls_pk_encrypt  pk.o
    0x0800afec   0x00000020   Code   RO         3136    i.mbedtls_pk_free   pk.o
    0x0800b00c   0x00000018   Code   RO         3137    i.mbedtls_pk_get_bitlen  pk.o
    0x0800b024   0x00000020   Code   RO         3138    i.mbedtls_pk_get_name  pk.o
    0x0800b044   0x00000012   Code   RO         3139    i.mbedtls_pk_get_type  pk.o
    0x0800b056   0x00000002   PAD
    0x0800b058   0x00000014   Code   RO         3140    i.mbedtls_pk_info_from_type  pk.o
    0x0800b06c   0x0000000c   Code   RO         3141    i.mbedtls_pk_init   pk.o
    0x0800b078   0x000000e0   Code   RO         3341    i.mbedtls_pk_parse_subpubkey  pkparse.o
    0x0800b158   0x00000030   Code   RO         3142    i.mbedtls_pk_setup  pk.o
    0x0800b188   0x0000005c   Code   RO         3144    i.mbedtls_pk_sign_restartable  pk.o
    0x0800b1e4   0x00000028   Code   RO         3145    i.mbedtls_pk_verify  pk.o
    0x0800b20c   0x00000064   Code   RO         3146    i.mbedtls_pk_verify_ext  pk.o
    0x0800b270   0x0000005c   Code   RO         3147    i.mbedtls_pk_verify_restartable  pk.o
    0x0800b2cc   0x00000020   Code   RO         3414    i.mbedtls_platform_zeroize  platform_util.o
    0x0800b2ec   0x00000070   Code   RO         3475    i.mbedtls_rsa_check_privkey  rsa.o
    0x0800b35c   0x0000004c   Code   RO         3476    i.mbedtls_rsa_check_pub_priv  rsa.o
    0x0800b3a8   0x0000005c   Code   RO         3477    i.mbedtls_rsa_check_pubkey  rsa.o
    0x0800b404   0x00000200   Code   RO         3478    i.mbedtls_rsa_complete  rsa.o
    0x0800b604   0x000000a0   Code   RO         3666    i.mbedtls_rsa_deduce_crt  rsa_internal.o
    0x0800b6a4   0x0000024c   Code   RO         3667    i.mbedtls_rsa_deduce_primes  rsa_internal.o
    0x0800b8f0   0x000000f4   Code   RO         3668    i.mbedtls_rsa_deduce_private_exponent  rsa_internal.o
    0x0800b9e4   0x00000074   Code   RO         3483    i.mbedtls_rsa_free  rsa.o
    0x0800ba58   0x00000006   Code   RO         3484    i.mbedtls_rsa_get_len  rsa.o
    0x0800ba5e   0x000000c6   Code   RO         3486    i.mbedtls_rsa_import_raw  rsa.o
    0x0800bb24   0x00000024   Code   RO         3487    i.mbedtls_rsa_init  rsa.o
    0x0800bb48   0x0000004c   Code   RO         3488    i.mbedtls_rsa_pkcs1_decrypt  rsa.o
    0x0800bb94   0x00000048   Code   RO         3489    i.mbedtls_rsa_pkcs1_encrypt  rsa.o
    0x0800bbdc   0x00000048   Code   RO         3490    i.mbedtls_rsa_pkcs1_sign  rsa.o
    0x0800bc24   0x00000048   Code   RO         3491    i.mbedtls_rsa_pkcs1_verify  rsa.o
    0x0800bc6c   0x00000360   Code   RO         3492    i.mbedtls_rsa_private  rsa.o
    0x0800bfcc   0x000000ac   Code   RO         3493    i.mbedtls_rsa_public  rsa.o
    0x0800c078   0x000001fc   Code   RO         3494    i.mbedtls_rsa_rsaes_pkcs1_v15_decrypt  rsa.o
    0x0800c274   0x000000fc   Code   RO         3495    i.mbedtls_rsa_rsaes_pkcs1_v15_encrypt  rsa.o
    0x0800c370   0x000000f4   Code   RO         3496    i.mbedtls_rsa_rsassa_pkcs1_v15_sign  rsa.o
    0x0800c464   0x000000e0   Code   RO         3497    i.mbedtls_rsa_rsassa_pkcs1_v15_verify  rsa.o
    0x0800c544   0x00000012   Code   RO         3498    i.mbedtls_rsa_set_padding  rsa.o
    0x0800c556   0x00000002   PAD
    0x0800c558   0x00000150   Code   RO         3669    i.mbedtls_rsa_validate_crt  rsa_internal.o
    0x0800c6a8   0x000001cc   Code   RO         3670    i.mbedtls_rsa_validate_params  rsa_internal.o
    0x0800c874   0x00000024   Code   RO         3499    i.mbedtls_safer_memcmp  rsa.o
    0x0800c898   0x00000130   Code   RO         3706    i.mbedtls_sha1_finish_ret  sha1.o
    0x0800c9c8   0x00000014   Code   RO         3707    i.mbedtls_sha1_free  sha1.o
    0x0800c9dc   0x00000012   Code   RO         3708    i.mbedtls_sha1_init  sha1.o
    0x0800c9ee   0x00000054   Code   RO         3710    i.mbedtls_sha1_ret  sha1.o
    0x0800ca42   0x00000002   PAD
    0x0800ca44   0x00000034   Code   RO         3712    i.mbedtls_sha1_starts_ret  sha1.o
    0x0800ca78   0x0000009e   Code   RO         3714    i.mbedtls_sha1_update_ret  sha1.o
    0x0800cb16   0x0000001a   Code   RO         3788    i.mbedtls_sha256_clone  sha256.o
    0x0800cb30   0x000001a2   Code   RO         3790    i.mbedtls_sha256_finish_ret  sha256.o
    0x0800ccd2   0x00000014   Code   RO         3791    i.mbedtls_sha256_free  sha256.o
    0x0800cce6   0x00000012   Code   RO         3792    i.mbedtls_sha256_init  sha256.o
    0x0800ccf8   0x00000066   Code   RO         3794    i.mbedtls_sha256_ret  sha256.o
    0x0800cd5e   0x00000002   PAD
    0x0800cd60   0x0000009c   Code   RO         3796    i.mbedtls_sha256_starts_ret  sha256.o
    0x0800cdfc   0x0000009e   Code   RO         3798    i.mbedtls_sha256_update_ret  sha256.o
    0x0800ce9a   0x0000001a   Code   RO         3874    i.mbedtls_sha512_clone  sha512.o
    0x0800ceb4   0x000003e0   Code   RO         3876    i.mbedtls_sha512_finish_ret  sha512.o
    0x0800d294   0x00000014   Code   RO         3877    i.mbedtls_sha512_free  sha512.o
    0x0800d2a8   0x00000012   Code   RO         3878    i.mbedtls_sha512_init  sha512.o
    0x0800d2ba   0x00000066   Code   RO         3880    i.mbedtls_sha512_ret  sha512.o
    0x0800d320   0x00000124   Code   RO         3882    i.mbedtls_sha512_starts_ret  sha512.o
    0x0800d444   0x000000b2   Code   RO         3884    i.mbedtls_sha512_update_ret  sha512.o
    0x0800d4f6   0x00000008   Code   RO         4398    i.mbedtls_ssl_check_cert_usage  ssl_tls.o
    0x0800d4fe   0x00000002   PAD
    0x0800d500   0x00000060   Code   RO         4120    i.mbedtls_ssl_check_timer  ssl_msg.o
    0x0800d560   0x00000014   Code   RO         4015    i.mbedtls_ssl_chk_buf_ptr  ssl_cli.o
    0x0800d574   0x0000002a   Code   RO         4016    i.mbedtls_ssl_ciphersuite_cert_req_allowed  ssl_cli.o
    0x0800d59e   0x00000002   PAD
    0x0800d5a0   0x00000020   Code   RO         3964    i.mbedtls_ssl_ciphersuite_from_id  ssl_ciphersuites.o
    0x0800d5c0   0x0000002c   Code   RO         4400    i.mbedtls_ssl_ciphersuite_uses_srv_cert  ssl_tls.o
    0x0800d5ec   0x000000e8   Code   RO         4121    i.mbedtls_ssl_close_notify  ssl_msg.o
    0x0800d6d4   0x0000000a   Code   RO         4401    i.mbedtls_ssl_conf_authmode  ssl_tls.o
    0x0800d6de   0x00000006   Code   RO         4406    i.mbedtls_ssl_conf_dbg  ssl_tls.o
    0x0800d6e4   0x0000000a   Code   RO         4407    i.mbedtls_ssl_conf_endpoint  ssl_tls.o
    0x0800d6ee   0x00000006   Code   RO         4413    i.mbedtls_ssl_conf_rng  ssl_tls.o
    0x0800d6f4   0x0000000a   Code   RO         4415    i.mbedtls_ssl_conf_transport  ssl_tls.o
    0x0800d6fe   0x00000002   PAD
    0x0800d700   0x00000098   Code   RO         4417    i.mbedtls_ssl_config_defaults  ssl_tls.o
    0x0800d798   0x00000014   Code   RO         4418    i.mbedtls_ssl_config_free  ssl_tls.o
    0x0800d7ac   0x0000000e   Code   RO         4419    i.mbedtls_ssl_config_init  ssl_tls.o
    0x0800d7ba   0x00000002   PAD
    0x0800d7bc   0x00000790   Code   RO         4122    i.mbedtls_ssl_decrypt_buf  ssl_msg.o
    0x0800df4c   0x00000198   Code   RO         4420    i.mbedtls_ssl_derive_keys  ssl_tls.o
    0x0800e0e4   0x00000714   Code   RO         4123    i.mbedtls_ssl_encrypt_buf  ssl_msg.o
    0x0800e7f8   0x00000254   Code   RO         4124    i.mbedtls_ssl_fetch_input  ssl_msg.o
    0x0800ea4c   0x000001fc   Code   RO         4125    i.mbedtls_ssl_flush_output  ssl_msg.o
    0x0800ec48   0x00000110   Code   RO         4421    i.mbedtls_ssl_free  ssl_tls.o
    0x0800ed58   0x00000020   Code   RO         3967    i.mbedtls_ssl_get_ciphersuite_name  ssl_ciphersuites.o
    0x0800ed78   0x00000008   Code   RO         4424    i.mbedtls_ssl_get_max_out_record_payload  ssl_tls.o
    0x0800ed80   0x0000023c   Code   RO         4128    i.mbedtls_ssl_handle_message_type  ssl_msg.o
    0x0800efbc   0x00000094   Code   RO         4430    i.mbedtls_ssl_handshake  ssl_tls.o
    0x0800f050   0x00000178   Code   RO         4017    i.mbedtls_ssl_handshake_client_step  ssl_cli.o
    0x0800f1c8   0x00000030   Code   RO         4431    i.mbedtls_ssl_handshake_free  ssl_tls.o
    0x0800f1f8   0x00000030   Code   RO         4432    i.mbedtls_ssl_handshake_step  ssl_tls.o
    0x0800f228   0x000000e4   Code   RO         4433    i.mbedtls_ssl_handshake_wrapup  ssl_tls.o
    0x0800f30c   0x000000b4   Code   RO         4434    i.mbedtls_ssl_handshake_wrapup_free_hs_transform  ssl_tls.o
    0x0800f3c0   0x0000002e   Code   RO         4435    i.mbedtls_ssl_hash_from_md_alg  ssl_tls.o
    0x0800f3ee   0x0000000e   Code   RO         4436    i.mbedtls_ssl_init  ssl_tls.o
    0x0800f3fc   0x00000008   Code   RO         3970    i.mbedtls_ssl_list_ciphersuites  ssl_ciphersuites.o
    0x0800f404   0x0000007c   Code   RO         4438    i.mbedtls_ssl_optimize_checksum  ssl_tls.o
    0x0800f480   0x0000000e   Code   RO         4129    i.mbedtls_ssl_out_hdr_len  ssl_msg.o
    0x0800f48e   0x00000020   Code   RO         4439    i.mbedtls_ssl_own_cert  ssl_tls.o
    0x0800f4ae   0x00000020   Code   RO         4018    i.mbedtls_ssl_own_key  ssl_cli.o
    0x0800f4ce   0x00000002   PAD
    0x0800f4d0   0x000001e0   Code   RO         4440    i.mbedtls_ssl_parse_certificate  ssl_tls.o
    0x0800f6b0   0x00000170   Code   RO         4130    i.mbedtls_ssl_parse_change_cipher_spec  ssl_msg.o
    0x0800f820   0x000001d8   Code   RO         4441    i.mbedtls_ssl_parse_finished  ssl_tls.o
    0x0800f9f8   0x0000012c   Code   RO         4131    i.mbedtls_ssl_prepare_handshake_record  ssl_msg.o
    0x0800fb24   0x0000033c   Code   RO         4132    i.mbedtls_ssl_read  ssl_msg.o
    0x0800fe60   0x0000016c   Code   RO         4133    i.mbedtls_ssl_read_record  ssl_msg.o
    0x0800ffcc   0x0000000c   Code   RO         4134    i.mbedtls_ssl_read_version  ssl_msg.o
    0x0800ffd8   0x00000024   Code   RO         4135    i.mbedtls_ssl_reset_in_out_pointers  ssl_msg.o
    0x0800fffc   0x0000011c   Code   RO         4136    i.mbedtls_ssl_send_alert_message  ssl_msg.o
    0x08010118   0x0000001a   Code   RO         4445    i.mbedtls_ssl_session_free  ssl_tls.o
    0x08010132   0x0000000e   Code   RO         4446    i.mbedtls_ssl_session_init  ssl_tls.o
    0x08010140   0x0000000e   Code   RO         4451    i.mbedtls_ssl_set_bio  ssl_tls.o
    0x0801014e   0x00000002   PAD
    0x08010150   0x00000060   Code   RO         4138    i.mbedtls_ssl_set_timer  ssl_msg.o
    0x080101b0   0x000000f8   Code   RO         4457    i.mbedtls_ssl_setup  ssl_tls.o
    0x080102a8   0x00000016   Code   RO         4458    i.mbedtls_ssl_sig_from_pk  ssl_tls.o
    0x080102be   0x00000006   Code   RO         4461    i.mbedtls_ssl_sig_hash_set_const_hash  ssl_tls.o
    0x080102c4   0x00000034   Code   RO         4139    i.mbedtls_ssl_transform_free  ssl_msg.o
    0x080102f8   0x0000002e   Code   RO         4464    i.mbedtls_ssl_transform_init  ssl_tls.o
    0x08010326   0x00000020   Code   RO         4140    i.mbedtls_ssl_update_handshake_status  ssl_msg.o
    0x08010346   0x00000018   Code   RO         4141    i.mbedtls_ssl_update_in_pointers  ssl_msg.o
    0x0801035e   0x00000034   Code   RO         4142    i.mbedtls_ssl_update_out_pointers  ssl_msg.o
    0x08010392   0x00000002   PAD
    0x08010394   0x000000cc   Code   RO         4143    i.mbedtls_ssl_write  ssl_msg.o
    0x08010460   0x00000230   Code   RO         4465    i.mbedtls_ssl_write_certificate  ssl_tls.o
    0x08010690   0x000000e4   Code   RO         4144    i.mbedtls_ssl_write_change_cipher_spec  ssl_msg.o
    0x08010774   0x00000170   Code   RO         4466    i.mbedtls_ssl_write_finished  ssl_tls.o
    0x080108e4   0x000001b4   Code   RO         4145    i.mbedtls_ssl_write_handshake_msg  ssl_msg.o
    0x08010a98   0x00000328   Code   RO         4146    i.mbedtls_ssl_write_record  ssl_msg.o
    0x08010dc0   0x00000008   Code   RO         4147    i.mbedtls_ssl_write_version  ssl_msg.o
    0x08010dc8   0x000000ec   Code   RO         5102    i.mbedtls_x509_crt_free  x509_crt.o
    0x08010eb4   0x000006f4   Code   RO         5103    i.mbedtls_x509_crt_info  x509_crt.o
    0x080115a8   0x00000010   Code   RO         5104    i.mbedtls_x509_crt_init  x509_crt.o
    0x080115b8   0x000000a0   Code   RO         5107    i.mbedtls_x509_crt_parse_der_internal  x509_crt.o
    0x08011658   0x0000001c   Code   RO         5108    i.mbedtls_x509_crt_parse_der_nocopy  x509_crt.o
    0x08011674   0x0000002a   Code   RO         5112    i.mbedtls_x509_crt_verify_restartable  x509_crt.o
    0x0801169e   0x00000002   PAD
    0x080116a0   0x00000124   Code   RO         4977    i.mbedtls_x509_dn_gets  x509.o
    0x080117c4   0x0000002e   Code   RO         4978    i.mbedtls_x509_get_alg  x509.o
    0x080117f2   0x00000002   PAD
    0x080117f4   0x00000068   Code   RO         4980    i.mbedtls_x509_get_ext  x509.o
    0x0801185c   0x0000008c   Code   RO         4981    i.mbedtls_x509_get_name  x509.o
    0x080118e8   0x00000064   Code   RO         4982    i.mbedtls_x509_get_serial  x509.o
    0x0801194c   0x00000050   Code   RO         4983    i.mbedtls_x509_get_sig  x509.o
    0x0801199c   0x00000054   Code   RO         4984    i.mbedtls_x509_get_sig_alg  x509.o
    0x080119f0   0x00000068   Code   RO         4985    i.mbedtls_x509_get_time  x509.o
    0x08011a58   0x0000004c   Code   RO         4986    i.mbedtls_x509_key_size_helper  x509.o
    0x08011aa4   0x0000006c   Code   RO         5114    i.mbedtls_x509_parse_subject_alt_name  x509_crt.o
    0x08011b10   0x000000bc   Code   RO         4987    i.mbedtls_x509_serial_gets  x509.o
    0x08011bcc   0x00000068   Code   RO         4988    i.mbedtls_x509_sig_alg_gets  x509.o
    0x08011c34   0x00000006   Code   RO         4989    i.mbedtls_x509_time_is_future  x509.o
    0x08011c3a   0x00000006   Code   RO         4990    i.mbedtls_x509_time_is_past  x509.o
    0x08011c40   0x0000005e   Code   RO         3500    i.mem_move_to_left  rsa.o
    0x08011c9e   0x00000038   Code   RO         1724    i.mpi_bigendian_to_host  bignum.o
    0x08011cd6   0x00000032   Code   RO         1726    i.mpi_montg_init    bignum.o
    0x08011d08   0x000000bc   Code   RO         1727    i.mpi_montmul       bignum.o
    0x08011dc4   0x0000002c   Code   RO         1728    i.mpi_montred       bignum.o
    0x08011df0   0x00000d1e   Code   RO         1729    i.mpi_mul_hlp       bignum.o
    0x08012b0e   0x00000026   Code   RO         1730    i.mpi_safe_cond_assign  bignum.o
    0x08012b34   0x00000044   Code   RO         1731    i.mpi_sub_hlp       bignum.o
    0x08012b78   0x0000000c   Code   RO         1732    i.mpi_uint_bigendian_to_host  bignum.o
    0x08012b84   0x0000001c   Code   RO         1733    i.mpi_uint_bigendian_to_host_c  bignum.o
    0x08012ba0   0x00000030   Code   RO          167    i.my_debug          main.o
    0x08012bd0   0x00000004   Code   RO          168    i.net_recv          main.o
    0x08012bd4   0x00000004   Code   RO          169    i.net_send          main.o
    0x08012bd8   0x0000003c   Code   RO         2982    i.oid_certificate_policies_from_asn1  oid.o
    0x08012c14   0x0000003c   Code   RO         2984    i.oid_ext_key_usage_from_asn1  oid.o
    0x08012c50   0x0000003c   Code   RO         2987    i.oid_pk_alg_from_asn1  oid.o
    0x08012c8c   0x0000003c   Code   RO         2988    i.oid_sig_alg_from_asn1  oid.o
    0x08012cc8   0x0000003c   Code   RO         2989    i.oid_x509_ext_from_asn1  oid.o
    0x08012d04   0x0000003c   Code   RO         2990    i.oid_x520_attr_from_asn1  oid.o
    0x08012d40   0x00000064   Code   RO         3342    i.pk_get_pk_alg     pkparse.o
    0x08012da4   0x000000e8   Code   RO         3343    i.pk_get_rsapubkey  pkparse.o
    0x08012e8c   0x00000028   Code   RO         3148    i.pk_hashlen_helper  pk.o
    0x08012eb4   0x0000001c   Code   RO         3251    i.rsa_alloc_wrap    pk_wrap.o
    0x08012ed0   0x00000012   Code   RO         3252    i.rsa_can_do        pk_wrap.o
    0x08012ee2   0x00000002   PAD
    0x08012ee4   0x000000cc   Code   RO         3501    i.rsa_check_context  rsa.o
    0x08012fb0   0x00000010   Code   RO         3253    i.rsa_check_pair_wrap  pk_wrap.o
    0x08012fc0   0x00000030   Code   RO         3254    i.rsa_debug         pk_wrap.o
    0x08012ff0   0x00000044   Code   RO         3255    i.rsa_decrypt_wrap  pk_wrap.o
    0x08013034   0x00000048   Code   RO         3256    i.rsa_encrypt_wrap  pk_wrap.o
    0x0801307c   0x00000012   Code   RO         3257    i.rsa_free_wrap     pk_wrap.o
    0x0801308e   0x00000010   Code   RO         3258    i.rsa_get_bitlen    pk_wrap.o
    0x0801309e   0x00000002   PAD
    0x080130a0   0x00000110   Code   RO         3502    i.rsa_prepare_blinding  rsa.o
    0x080131b0   0x00000144   Code   RO         3503    i.rsa_rsassa_pkcs1_v15_encode  rsa.o
    0x080132f4   0x0000003c   Code   RO         3259    i.rsa_sign_wrap     pk_wrap.o
    0x08013330   0x00000060   Code   RO         3260    i.rsa_verify_wrap   pk_wrap.o
    0x08013390   0x00000008   Code   RO         3504    i.size_greater_than  rsa.o
    0x08013398   0x00000040   Code   RO         4148    i.ssl_build_record_nonce  ssl_msg.o
    0x080133d8   0x00000160   Code   RO         4468    i.ssl_calc_finished_tls_sha256  ssl_tls.o
    0x08013538   0x00000164   Code   RO         4469    i.ssl_calc_finished_tls_sha384  ssl_tls.o
    0x0801369c   0x000000d4   Code   RO         4470    i.ssl_calc_verify_tls_sha256  ssl_tls.o
    0x08013770   0x000000d4   Code   RO         4471    i.ssl_calc_verify_tls_sha384  ssl_tls.o
    0x08013844   0x00000020   Code   RO         4149    i.ssl_check_record_type  ssl_msg.o
    0x08013864   0x0000001a   Code   RO         4472    i.ssl_clear_peer_cert  ssl_tls.o
    0x0801387e   0x00000002   PAD
    0x08013880   0x00000108   Code   RO         4473    i.ssl_compute_master  ssl_tls.o
    0x08013988   0x000000d8   Code   RO         4150    i.ssl_consume_current_message  ssl_msg.o
    0x08013a60   0x00000030   Code   RO         4151    i.ssl_extract_add_data_from_record  ssl_msg.o
    0x08013a90   0x0000009c   Code   RO         4019    i.ssl_generate_random  ssl_cli.o
    0x08013b2c   0x00000018   Code   RO         4152    i.ssl_get_hs_total_len  ssl_msg.o
    0x08013b44   0x000000f4   Code   RO         4153    i.ssl_get_next_record  ssl_msg.o
    0x08013c38   0x000000e8   Code   RO         4474    i.ssl_handshake_init  ssl_tls.o
    0x08013d20   0x00000054   Code   RO         4475    i.ssl_handshake_params_init  ssl_tls.o
    0x08013d74   0x000001c8   Code   RO          170    i.ssl_int           main.o
    0x08013f3c   0x00000018   Code   RO         4476    i.ssl_key_cert_free  ssl_tls.o
    0x08013f54   0x00000238   Code   RO         4477    i.ssl_parse_certificate_chain  ssl_tls.o
    0x0801418c   0x0000001c   Code   RO         4478    i.ssl_parse_certificate_coordinate  ssl_tls.o
    0x080141a8   0x00000354   Code   RO         4020    i.ssl_parse_certificate_request  ssl_cli.o
    0x080144fc   0x0000030c   Code   RO         4479    i.ssl_parse_certificate_verify  ssl_tls.o
    0x08014808   0x000001fc   Code   RO         4154    i.ssl_parse_record_header  ssl_msg.o
    0x08014a04   0x00000084   Code   RO         4021    i.ssl_parse_renegotiation_info  ssl_cli.o
    0x08014a88   0x000008d4   Code   RO         4022    i.ssl_parse_server_hello  ssl_cli.o
    0x0801535c   0x00000144   Code   RO         4023    i.ssl_parse_server_hello_done  ssl_cli.o
    0x080154a0   0x0000024c   Code   RO         4024    i.ssl_parse_server_key_exchange  ssl_cli.o
    0x080156ec   0x0000057c   Code   RO         4480    i.ssl_populate_transform  ssl_tls.o
    0x08015c68   0x00000298   Code   RO         4155    i.ssl_prepare_record_content  ssl_msg.o
    0x08015f00   0x0000001a   Code   RO         4156    i.ssl_read_memory   ssl_msg.o
    0x08015f1a   0x0000000e   Code   RO         4157    i.ssl_record_is_in_progress  ssl_msg.o
    0x08015f28   0x000000ac   Code   RO         4481    i.ssl_remember_peer_crt_digest  ssl_tls.o
    0x08015fd4   0x00000038   Code   RO         4482    i.ssl_remember_peer_pubkey  ssl_tls.o
    0x0801600c   0x0000005c   Code   RO         4485    i.ssl_set_handshake_prfs  ssl_tls.o
    0x08016068   0x00000012   Code   RO         4158    i.ssl_transform_aead_dynamic_iv_is_explicit  ssl_msg.o
    0x0801607a   0x00000016   Code   RO         4159    i.ssl_transform_get_explicit_iv_len  ssl_msg.o
    0x08016090   0x00000018   Code   RO         4486    i.ssl_update_checksum_sha256  ssl_tls.o
    0x080160a8   0x00000018   Code   RO         4487    i.ssl_update_checksum_sha384  ssl_tls.o
    0x080160c0   0x00000026   Code   RO         4488    i.ssl_update_checksum_start  ssl_tls.o
    0x080160e6   0x0000001e   Code   RO         4025    i.ssl_validate_ciphersuite  ssl_cli.o
    0x08016104   0x00000304   Code   RO         4026    i.ssl_write_certificate_verify  ssl_cli.o
    0x08016408   0x0000062c   Code   RO         4027    i.ssl_write_client_hello  ssl_cli.o
    0x08016a34   0x00000140   Code   RO         4028    i.ssl_write_client_key_exchange  ssl_cli.o
    0x08016b74   0x000001c0   Code   RO         4029    i.ssl_write_encrypted_pms  ssl_cli.o
    0x08016d34   0x0000011c   Code   RO         4160    i.ssl_write_real    ssl_msg.o
    0x08016e50   0x00000170   Code   RO         4030    i.ssl_write_signature_algorithms_ext  ssl_cli.o
    0x08016fc0   0x0000000c   Code   RO          171    i.time              main.o
    0x08016fcc   0x0000013c   Code   RO         4489    i.tls_prf_generic   ssl_tls.o
    0x08017108   0x0000002a   Code   RO         4490    i.tls_prf_sha256    ssl_tls.o
    0x08017132   0x0000002a   Code   RO         4491    i.tls_prf_sha384    ssl_tls.o
    0x0801715c   0x00000084   Code   RO          418    i.uart_init         usart.o
    0x080171e0   0x00000074   Code   RO         5115    i.x509_check_wildcard  x509_crt.o
    0x08017254   0x00000032   Code   RO         5116    i.x509_crt_check_cn  x509_crt.o
    0x08017286   0x00000042   Code   RO         5117    i.x509_crt_check_ee_locally_trusted  x509_crt.o
    0x080172c8   0x0000003e   Code   RO         5118    i.x509_crt_check_parent  x509_crt.o
    0x08017306   0x00000076   Code   RO         5119    i.x509_crt_check_signature  x509_crt.o
    0x0801737c   0x00000066   Code   RO         5120    i.x509_crt_find_parent  x509_crt.o
    0x080173e2   0x000000ae   Code   RO         5121    i.x509_crt_find_parent_in  x509_crt.o
    0x08017490   0x0000004c   Code   RO         5122    i.x509_crt_merge_flags_with_cb  x509_crt.o
    0x080174dc   0x0000034c   Code   RO         5123    i.x509_crt_parse_der_core  x509_crt.o
    0x08017828   0x00000130   Code   RO         5124    i.x509_crt_verify_chain  x509_crt.o
    0x08017958   0x0000001e   Code   RO         5125    i.x509_crt_verify_chain_reset  x509_crt.o
    0x08017976   0x00000002   PAD
    0x08017978   0x00000090   Code   RO         5126    i.x509_crt_verify_name  x509_crt.o
    0x08017a08   0x000000d0   Code   RO         5127    i.x509_crt_verify_restartable_ca_cb  x509_crt.o
    0x08017ad8   0x000000e4   Code   RO         4991    i.x509_date_is_valid  x509.o
    0x08017bbc   0x00000100   Code   RO         4992    i.x509_get_attr_type_value  x509.o
    0x08017cbc   0x000000b4   Code   RO         5128    i.x509_get_basic_constraints  x509_crt.o
    0x08017d70   0x0000013c   Code   RO         5129    i.x509_get_certificate_policies  x509_crt.o
    0x08017eac   0x00000238   Code   RO         5130    i.x509_get_crt_ext  x509_crt.o
    0x080180e4   0x00000064   Code   RO         5131    i.x509_get_dates    x509_crt.o
    0x08018148   0x00000038   Code   RO         5132    i.x509_get_ext_key_usage  x509_crt.o
    0x08018180   0x00000060   Code   RO         5133    i.x509_get_key_usage  x509_crt.o
    0x080181e0   0x00000040   Code   RO         5134    i.x509_get_ns_cert_type  x509_crt.o
    0x08018220   0x00000148   Code   RO         5135    i.x509_get_other_name  x509_crt.o
    0x08018368   0x0000010c   Code   RO         5136    i.x509_get_subject_alt_name  x509_crt.o
    0x08018474   0x00000056   Code   RO         5137    i.x509_get_uid      x509_crt.o
    0x080184ca   0x00000002   PAD
    0x080184cc   0x0000005c   Code   RO         5138    i.x509_get_version  x509_crt.o
    0x08018528   0x00000084   Code   RO         5139    i.x509_info_cert_policies  x509_crt.o
    0x080185ac   0x00000208   Code   RO         5140    i.x509_info_cert_type  x509_crt.o
    0x080187b4   0x00000084   Code   RO         5141    i.x509_info_ext_key_usage  x509_crt.o
    0x08018838   0x0000025c   Code   RO         5142    i.x509_info_key_usage  x509_crt.o
    0x08018a94   0x000002e8   Code   RO         5143    i.x509_info_subject_alt_name  x509_crt.o
    0x08018d7c   0x0000004c   Code   RO         5144    i.x509_memcasecmp   x509_crt.o
    0x08018dc8   0x00000066   Code   RO         5145    i.x509_name_cmp     x509_crt.o
    0x08018e2e   0x00000002   PAD
    0x08018e30   0x00000048   Code   RO         4993    i.x509_parse_int    x509.o
    0x08018e78   0x000000fc   Code   RO         4994    i.x509_parse_time   x509.o
    0x08018f74   0x00000032   Code   RO         5146    i.x509_profile_check_key  x509_crt.o
    0x08018fa6   0x00000022   Code   RO         5147    i.x509_profile_check_md_alg  x509_crt.o
    0x08018fc8   0x00000022   Code   RO         5148    i.x509_profile_check_pk_alg  x509_crt.o
    0x08018fea   0x0000005c   Code   RO         5149    i.x509_string_cmp   x509_crt.o
    0x08019046   0x00000002   PAD
    0x08019048   0x00002228   Data   RO         1307    .constdata          aes.o
    0x0801b270   0x00000184   Data   RO         2211    .constdata          cipher_wrap.o
    0x0801b3f4   0x00000004   PAD
    0x0801b3f8   0x00000080   Data   RO         2614    .constdata          gcm.o
    0x0801b478   0x0000004c   Data   RO         2715    .constdata          md.o
    0x0801b4c4   0x00000500   Data   RO         2991    .constdata          oid.o
    0x0801b9c4   0x00000030   Data   RO         3261    .constdata          pk_wrap.o
    0x0801b9f4   0x00000100   Data   RO         3799    .constdata          sha256.o
    0x0801baf4   0x00000004   PAD
    0x0801baf8   0x00000280   Data   RO         3885    .constdata          sha512.o
    0x0801bd78   0x000000e8   Data   RO         3971    .constdata          ssl_ciphersuites.o
    0x0801be60   0x000000d8   Data   RO         5150    .constdata          x509_crt.o
    0x0801bf38   0x0000000c   Data   RO          173    .conststring        main.o
    0x0801bf44   0x0000006c   Data   RO         2212    .conststring        cipher_wrap.o
    0x0801bfb0   0x00000004   Data   RO         2716    .conststring        md.o
    0x0801bfb4   0x000009db   Data   RO         2992    .conststring        oid.o
    0x0801c98f   0x00000001   PAD
    0x0801c990   0x000000c1   Data   RO         3972    .conststring        ssl_ciphersuites.o
    0x0801ca51   0x00000003   PAD
    0x0801ca54   0x000000a4   Data   RO         4031    .conststring        ssl_cli.o
    0x0801caf8   0x00000098   Data   RO         4161    .conststring        ssl_msg.o
    0x0801cb90   0x00000406   Data   RO         5151    .conststring        x509_crt.o
    0x0801cf96   0x00000002   PAD
    0x0801cf98   0x00000005   Data   RO         2993    .conststrlit        oid.o
    0x0801cf9d   0x00000003   PAD
    0x0801cfa0   0x00000020   Data   RO         5751    Region$$Table       anon$$obj.o


    Execution Region RW_IRAM1 (Base: 0x20000000, Size: 0x0000b9b0, Max: 0x00010000, ABSOLUTE)

    Base Addr    Size         Type   Attr      Idx    E Section Name        Object

    0x20000000   0x00000014   Data   RW          174    .data               main.o
    0x20000014   0x00000008   Data   RW          375    .data               delay.o
    0x2000001c   0x00000012   Data   RW          420    .data               usart.o
    0x2000002e   0x00000002   PAD
    0x20000030   0x00000014   Data   RW          497    .data               system_stm32f10x.o
    0x20000044   0x00000014   Data   RW          624    .data               stm32f10x_rcc.o
    0x20000058   0x00000004   Data   RW         2382    .data               debug.o
    0x2000005c   0x00000004   Data   RW         3415    .data               platform_util.o
    0x20000060   0x00000034   Data   RW         4493    .data               ssl_tls.o
    0x20000094   0x00000004   Data   RW         5397    .data               mc_w.l(stdout.o)
    0x20000098   0x00000004   Data   RW         5399    .data               mc_w.l(rand.o)
    0x2000009c   0x00000004   Data   RW         5728    .data               mc_w.l(mvars.o)
    0x200000a0   0x00000004   Data   RW         5729    .data               mc_w.l(mvars.o)
    0x200000a4   0x00000004   PAD
    0x200000a8   0x00001470   Zero   RW          172    .bss                main.o
    0x20001518   0x00000096   Zero   RW          419    .bss                usart.o
    0x200015ae   0x00000002   PAD
    0x200015b0   0x0000a000   Zero   RW         1291    HEAP                startup_stm32f10x_hd.o
    0x2000b5b0   0x00000400   Zero   RW         1290    STACK               startup_stm32f10x_hd.o


==============================================================================

Image component sizes


      Code (inc. data)   RO Data    RW Data    ZI Data      Debug   Object Name

      3814         70       8744          0          0      20142   aes.o
      1196          4          0          0          0      14810   asn1parse.o
     10528          0          0          0          0      38470   bignum.o
      1694         78          0          0          0      20583   cipher.o
       218          0        496          0          0      13726   cipher_wrap.o
      1254          0          0          0          0      10763   ctr_drbg.o
      1610        232          0          4          0      57845   debug.o
       196         40          0          8          0      23519   delay.o
       828          4          0          0          0       7026   entropy.o
      2400          4        128          0          0      17905   gcm.o
       128          8          0          0          0        575   gpio.o
       900        302         12         20       5232      44019   main.o
      1370        126         80          0          0      16353   md.o
      3150        264          0          0          0       7154   md5.o
       172         22          0          0          0       2229   misc.o
       832         42       3808          0          0      35093   oid.o
       712         62          0          0          0      14852   pk.o
       440         34         48          0          0      11287   pk_wrap.o
       556         24          0          0          0       5657   pkparse.o
        32          6          0          4          0       1515   platform_util.o
      4704        104          0          0          0      25911   rsa.o
      1788         72          0          0          0       5896   rsa_internal.o
      6548         36          0          0          0       7977   sha1.o
      4510         80        256          0          0       8546   sha256.o
      5288        136        640          0          0       8946   sha512.o
        72         18        425          0          0       2921   ssl_ciphersuites.o
      8300       2996        164          0          0      46172   ssl_cli.o
     12082       4432        152          0          0      69325   ssl_msg.o
      9440       2882          0         52          0      74837   ssl_tls.o
        36          8        304          0      41984        844   startup_stm32f10x_hd.o
       278          0          0          0          0       2032   stm32f10x_gpio.o
        68          8          0          0          0     258835   stm32f10x_it.o
       244         26          0         20          0       4049   stm32f10x_rcc.o
       472          6          0          0          0       7143   stm32f10x_usart.o
        40          0          0          0          0        557   system.o
       328         28          0         20          0       2461   system_stm32f10x.o
       272         34          0         18        150       2866   usart.o
      2138        152          0          0          0      20381   x509.o
      9338       1200       1246          0          0      45001   x509_crt.o

    ----------------------------------------------------------------------
     98056      13540      16552        148      47368     958223   Object Totals
         0          0         32          0          0          0   (incl. Generated)
        80          0         17          2          2          0   (incl. Padding)

    ----------------------------------------------------------------------

      Code (inc. data)   RO Data    RW Data    ZI Data      Debug   Library Member Name

        28          0          0          0          0         76   calloc.o
         0          0          0          0          0          0   entry.o
         0          0          0          0          0          0   entry10a.o
         0          0          0          0          0          0   entry11a.o
         8          4          0          0          0          0   entry2.o
         4          0          0          0          0          0   entry5.o
         0          0          0          0          0          0   entry7b.o
         0          0          0          0          0          0   entry8b.o
         8          4          0          0          0          0   entry9a.o
        30          0          0          0          0          0   handlers.o
        36          8          0          0          0         68   init.o
         0          0          0          0          0          0   iusefp.o
        30          0          0          0          0         68   llshl.o
        36          0          0          0          0         68   llsshr.o
        32          0          0          0          0         68   llushr.o
       188         20          0          0          0        160   malloc.o
        26          0          0          0          0         80   memcmp.o
        64          0          0          0          0         76   memmovea.o
        36          0          0          0          0        108   memseta.o
         0          0          0          8          0          0   mvars.o
      2324         98          0          0          0        676   printfa.o
        36         10          0          4          0        136   rand.o
         0          0          0          4          0          0   stdout.o
        14          0          0          0          0         68   strlen.o
        44          0          0          0          0         80   uidiv.o
        98          0          0          0          0         92   uldiv.o
        48          0          0          0          0         68   cdrcmple.o
       334          0          0          0          0        148   dadd.o
       222          0          0          0          0        100   ddiv.o
       186          0          0          0          0        176   depilogue.o
        48          0          0          0          0         68   dfixul.o
       228          0          0          0          0         96   dmul.o

    ----------------------------------------------------------------------
      4112        144          0         16          4       2480   Library Totals
         4          0          0          0          4          0   (incl. Padding)

    ----------------------------------------------------------------------

      Code (inc. data)   RO Data    RW Data    ZI Data      Debug   Library Name

      3042        144          0         16          0       1824   mc_w.l
      1066          0          0          0          0        656   mf_w.l

    ----------------------------------------------------------------------
      4112        144          0         16          4       2480   Library Totals

    ----------------------------------------------------------------------

==============================================================================


      Code (inc. data)   RO Data    RW Data    ZI Data      Debug   

    102168      13684      16552        164      47372     936103   Grand Totals
    102168      13684      16552        164      47372     936103   ELF Image Totals
    102168      13684      16552        164          0          0   ROM Totals

==============================================================================

    Total RO  Size (Code + RO Data)               118720 ( 115.94kB)
    Total RW  Size (RW Data + ZI Data)             47536 (  46.42kB)
    Total ROM Size (Code + RO Data + RW Data)     118884 ( 116.10kB)

==============================================================================

