<html>
<body>
<pre>
<h1>礦ision Build Log</h1>
<h2>Tool Versions:</h2>
IDE-Version: μVision V5.14.0.0
Copyright (C) 2015 ARM Ltd and ARM Germany GmbH. All rights reserved.
License Information: yang yang, qqqqq, LIC=LJWEV-P6L2I-MQC0F-6X0S0-LU2X4-604SW
 
Tool Versions:
Toolchain:       MDK-ARM Professional  Version: 5.14.0.0
Toolchain Path:  E:\MDK5\ARM\ARMCC\Bin
C Compiler:      Armcc.exe V5.05 update 1 (build 106)
Assembler:       Armasm.exe V5.05 update 1 (build 106)
Linker/Locator:  ArmLink.exe V5.05 update 1 (build 106)
Library Manager: ArmAr.exe V5.05 update 1 (build 106)
Hex Converter:   FromElf.exe V5.05 update 1 (build 106)
CPU DLL:         SARMCM3.DLL V5.14.0.0
Dialog DLL:      DARMSTM.DLL V1.65.0.0
Target DLL:      STLink\ST-LINKIII-KEIL_SWO.dll V2.0.14.0_KEIL
Dialog DLL:      TARMSTM.DLL V1.64.0.0
 
<h2>Project:</h2>
H:\OpenProgrammingModuleForMCU\6-来看看加入环形队列的串口发送数据\STM32F10xTemplate\Progect\Progect.uvprojx
Project File Date:  10/14/2019

<h2>Output:</h2>
Build target 'Target 1'
compiling main.c...
..\User\main.c(24): warning:  #167-D: argument of type "char *" is incompatible with parameter of type "uint8_t *"
                PutData(&Uart1rb,USART1,temp,10);//数据写入环形队列,然后打开串口1发送中断发送
..\User\main.c(25): warning:  #167-D: argument of type "char *" is incompatible with parameter of type "uint8_t *"
                PutData(&Uart1rb,USART1,temp,10);//数据写入环形队列,然后打开串口1发送中断发送
..\User\main.c(31): warning:  #167-D: argument of type "char *" is incompatible with parameter of type "uint8_t *"
                        PutData(&Uart1rb,USART1,temp,10);//数据写入环形队列,然后打开串口1发送中断发送
..\User\main.c(32): warning:  #167-D: argument of type "char *" is incompatible with parameter of type "uint8_t *"
                        PutData(&Uart1rb,USART1,temp,10);//数据写入环形队列,然后打开串口1发送中断发送
..\User\main.c: 4 warnings, 0 errors
linking...
Program Size: Code=5644 RO-data=336 RW-data=84 ZI-data=1692  
FromELF: creating hex file...
After Build - User command #1: E:\MDK5\ARM\ARMCC\bin\fromelf.exe  --bin -o  .\Progect\Progect.bin  .\output\Progect.axf
".\output\Progect.axf" - 0 Error(s), 4 Warning(s).

<h2>Collection of Component include folders:</h2>
  H:\OpenProgrammingModuleForMCU\6-来看看加入环形队列的串口发送数据\STM32F10xTemplate\Progect\RTE
  E:\MDK5\ARM\PACK\Keil\STM32F1xx_DFP\1.0.5\Device\Include

<h2>Collection of Component Files used:</h2>
</pre>
</body>
</html>
