<html>
<body>
<pre>
<h1>礦ision Build Log</h1>
<h2>Tool Versions:</h2>
IDE-Version: μVision V5.14.0.0
Copyright (C) 2015 ARM Ltd and ARM Germany GmbH. All rights reserved.
License Information: yang yang, qqqqq, LIC=QF82M-X6II9-WFRI7-EP5XW-88HH1-D3FPH
 
Tool Versions:
Toolchain:       MDK-ARM Standard  Version: 5.14.0.0
Toolchain Path:  E:\MDK5\ARM\ARMCC\Bin
C Compiler:      Armcc.exe V5.05 update 1 (build 106)
Assembler:       Armasm.exe V5.05 update 1 (build 106)
Linker/Locator:  ArmLink.exe V5.05 update 1 (build 106)
Library Manager: ArmAr.exe V5.05 update 1 (build 106)
Hex Converter:   FromElf.exe V5.05 update 1 (build 106)
CPU DLL:         SARMCM3.DLL V5.14.0.0
Dialog DLL:      DARMSTM.DLL V1.65.0.0
Target DLL:      STLink\ST-LINKIII-KEIL_SWO.dll V2.0.14.0_KEIL
Dialog DLL:      TARMSTM.DLL V1.64.0.0
 
<h2>Project:</h2>
H:\OpenProgrammingModuleForMCU\12-数据缓存处理-环形队列\STM32F10xTemplate\Progect\Progect.uvprojx
Project File Date:  01/28/2020

<h2>Output:</h2>
Build target 'Target 1'
compiling stm32f10x_it.c...
compiling main.c...
compiling System.c...
compiling usart.c...
..\User\usart.c(178): warning:  #177-D: variable "data" was declared but never referenced
        uint8_t data = ch;
..\User\usart.c: 1 warning, 0 errors
compiling gpio.c...
compiling LoopList.c...
..\User\LoopList.c(205): warning:  #1-D: last line of file ends without a newline
  }
..\User\LoopList.c: 1 warning, 0 errors
compiling delay.c...
compiling BufferManage.c...
compiling core_cm3.c...
compiling system_stm32f10x.c...
compiling misc.c...
compiling stm32f10x_rcc.c...
compiling stm32f10x_usart.c...
compiling stm32f10x_flash.c...
compiling stm32f10x_gpio.c...
assembling startup_stm32f10x_hd.s...
linking...
Program Size: Code=5848 RO-data=336 RW-data=116 ZI-data=3324  
FromELF: creating hex file...
After Build - User command #1: E:\MDK5\ARM\ARMCC\bin\fromelf.exe  --bin -o  .\Progect\Progect.bin  .\output\Progect.axf
".\output\Progect.axf" - 0 Error(s), 2 Warning(s).

<h2>Collection of Component include folders:</h2>
  H:\OpenProgrammingModuleForMCU\12-数据缓存处理-环形队列\STM32F10xTemplate\Progect\RTE
  E:\MDK5\ARM\PACK\Keil\STM32F1xx_DFP\1.0.5\Device\Include

<h2>Collection of Component Files used:</h2>
</pre>
</body>
</html>
