<html>
<body>
<pre>
<h1>礦ision Build Log</h1>
<h2>Tool Versions:</h2>
IDE-Version: μVision V5.14.0.0
Copyright (C) 2015 ARM Ltd and ARM Germany GmbH. All rights reserved.
License Information: yang yang, qqqqq, LIC=QF82M-X6II9-WFRI7-EP5XW-88HH1-D3FPH
 
Tool Versions:
Toolchain:       MDK-ARM Standard  Version: 5.14.0.0
Toolchain Path:  E:\MDK5\ARM\ARMCC\Bin
C Compiler:      Armcc.exe V5.05 update 1 (build 106)
Assembler:       Armasm.exe V5.05 update 1 (build 106)
Linker/Locator:  ArmLink.exe V5.05 update 1 (build 106)
Library Manager: ArmAr.exe V5.05 update 1 (build 106)
Hex Converter:   FromElf.exe V5.05 update 1 (build 106)
CPU DLL:         SARMCM3.DLL V5.14.0.0
Dialog DLL:      DCM.DLL V1.13.1.0
Target DLL:      STLink\ST-LINKIII-KEIL_SWO.dll V2.0.14.0_KEIL
Dialog DLL:      TCM.DLL V1.14.4.0
 
<h2>Project:</h2>
H:\OpenProgrammingModuleForMCU\20-使用Mbedtls包中的SSL,和服务器进行网络加密通信\STM32F10xTemplate\Progect\Progect.uvprojx
Project File Date:  10/20/2020

<h2>Output:</h2>
Rebuild target 'Target 1'
compiling stm32f10x_it.c...
compiling main.c...
..\User\main.c(40): warning:  #940-D: missing return statement at end of non-void function "net_recv"
  int net_recv(char *data){}
..\User\main.c(42): warning:  #940-D: missing return statement at end of non-void function "net_send"
  int net_send(char *data,int len){}
..\User\main.c(96): warning:  #177-D: variable "rbCanReadLen" was declared but never referenced
        int rbCanReadLen;
..\User\main.c(148): warning:  #167-D: argument of type "unsigned char *" is incompatible with parameter of type "char *"
        net_send(buf,len);//调用自己的TCP发送函数
..\User\main.c(237): warning:  #167-D: argument of type "int (*)(void *, unsigned char *, size_t)" is incompatible with parameter of type "mbedtls_ssl_send_t *"
        mbedtls_ssl_set_bio( &ssl, NULL, custom_ssl_send, custom_ssl_recv, NULL );
..\User\main.c(267): warning:  #167-D: argument of type "char *" is incompatible with parameter of type "const unsigned char *"
                                mbedtls_ssl_write( &ssl, buff, sizeof(buff)) ;//向服务器发送数据
..\User\main.c(271): warning:  #167-D: argument of type "char *" is incompatible with parameter of type "unsigned char *"
                                MainLen = mbedtls_ssl_read( &ssl, MainBuffer, MainBufferLen-1 );
..\User\main.c: 7 warnings, 0 errors
compiling System.c...
compiling delay.c...
compiling usart.c...
compiling gpio.c...
compiling core_cm3.c...
compiling system_stm32f10x.c...
compiling misc.c...
compiling stm32f10x_rcc.c...
compiling stm32f10x_usart.c...
compiling stm32f10x_flash.c...
compiling stm32f10x_gpio.c...
assembling startup_stm32f10x_hd.s...
compiling aes.c...
compiling aesni.c...
compiling arc4.c...
compiling aria.c...
compiling asn1parse.c...
compiling asn1write.c...
compiling base64.c...
compiling bignum.c...
compiling blowfish.c...
compiling camellia.c...
compiling ccm.c...
compiling certs.c...
compiling chacha20.c...
compiling chachapoly.c...
compiling cipher.c...
compiling cipher_wrap.c...
compiling cmac.c...
compiling ctr_drbg.c...
compiling debug.c...
compiling des.c...
compiling dhm.c...
compiling ecdh.c...
compiling ecdsa.c...
compiling ecjpake.c...
compiling ecp.c...
compiling ecp_curves.c...
compiling entropy.c...
compiling entropy_poll.c...
compiling error.c...
compiling gcm.c...
compiling havege.c...
compiling hkdf.c...
compiling hmac_drbg.c...
compiling md.c...
compiling md2.c...
compiling md4.c...
compiling md5.c...
compiling memory_buffer_alloc.c...
compiling net_sockets.c...
compiling nist_kw.c...
compiling oid.c...
compiling padlock.c...
compiling pem.c...
compiling pk.c...
compiling pk_wrap.c...
compiling pkcs5.c...
compiling pkcs11.c...
compiling pkcs12.c...
compiling pkparse.c...
..\Mbedtls\library\pkparse.c(1224): warning:  #550-D: variable "ret" was set but never used
      int ret = MBEDTLS_ERR_ERROR_CORRUPTION_DETECTED;
..\Mbedtls\library\pkparse.c: 1 warning, 0 errors
compiling pkwrite.c...
compiling platform.c...
compiling platform_util.c...
compiling poly1305.c...
compiling psa_crypto.c...
compiling psa_crypto_se.c...
compiling psa_crypto_slot_management.c...
compiling psa_crypto_storage.c...
compiling psa_its_file.c...
compiling ripemd160.c...
compiling rsa.c...
compiling rsa_internal.c...
compiling sha1.c...
compiling sha256.c...
compiling sha512.c...
compiling ssl_cache.c...
compiling ssl_ciphersuites.c...
compiling ssl_cli.c...
compiling ssl_cookie.c...
compiling ssl_msg.c...
compiling ssl_srv.c...
compiling ssl_ticket.c...
compiling ssl_tls.c...
compiling threading.c...
compiling timing.c...
compiling version.c...
compiling version_features.c...
compiling x509.c...
compiling x509_create.c...
compiling x509_crl.c...
compiling x509_crt.c...
compiling x509_csr.c...
compiling x509write_crt.c...
compiling x509write_csr.c...
compiling xtea.c...
linking...
Program Size: Code=102168 RO-data=16552 RW-data=164 ZI-data=47372  
FromELF: creating hex file...
After Build - User command #1: E:\MDK5\ARM\ARMCC\bin\fromelf.exe  --bin -o  .\Progect\Progect.bin  .\output\Progect.axf
".\output\Progect.axf" - 0 Error(s), 8 Warning(s).

<h2>Collection of Component include folders:</h2>
  H:\OpenProgrammingModuleForMCU\20-使用Mbedtls包中的SSL,和服务器进行网络加密通信\STM32F10xTemplate\Progect\RTE
  E:\MDK5\ARM\PACK\Keil\STM32F1xx_DFP\1.0.5\Device\Include

<h2>Collection of Component Files used:</h2>
</pre>
</body>
</html>
