<html>
<body>
<pre>
<h1>礦ision Build Log</h1>
<h2>Tool Versions:</h2>
IDE-Version: μVision V5.14.0.0
Copyright (C) 2015 ARM Ltd and ARM Germany GmbH. All rights reserved.
License Information: yang yang, qqqqq, LIC=QF82M-X6II9-WFRI7-EP5XW-88HH1-D3FPH
 
Tool Versions:
Toolchain:       MDK-ARM Standard  Version: 5.14.0.0
Toolchain Path:  E:\MDK5\ARM\ARMCC\Bin
C Compiler:      Armcc.exe V5.05 update 1 (build 106)
Assembler:       Armasm.exe V5.05 update 1 (build 106)
Linker/Locator:  ArmLink.exe V5.05 update 1 (build 106)
Library Manager: ArmAr.exe V5.05 update 1 (build 106)
Hex Converter:   FromElf.exe V5.05 update 1 (build 106)
CPU DLL:         SARMCM3.DLL V5.14.0.0
Dialog DLL:      DCM.DLL V1.13.1.0
Target DLL:      STLink\ST-LINKIII-KEIL_SWO.dll V2.0.14.0_KEIL
Dialog DLL:      TCM.DLL V1.14.4.0
 
<h2>Project:</h2>
H:\OpenProgrammingModuleForMCU\17-单片机stm32的flash保存数据优化方案(让擦写次数达到上百万至上千万次)\STM32F10xTemplate\Progect\Progect.uvprojx
Project File Date:  09/25/2020

<h2>Output:</h2>
Rebuild target 'Target 1'
compiling main.c...
..\User\main.c(47): warning:  #177-D: variable "i" was declared but never referenced
        int i,j;
..\User\main.c(47): warning:  #177-D: variable "j" was declared but never referenced
        int i,j;
..\User\main.c: 2 warnings, 0 errors
compiling stm32f10x_it.c...
compiling System.c...
compiling delay.c...
compiling usart.c...
compiling gpio.c...
compiling iwdg.c...
compiling timer.c...
compiling stmflash.c...
..\User\stmflash.c(140): warning:  #188-D: enumerated type mixed with another type
                                FlashStatus = 0;//读出和写入的一致
..\User\stmflash.c(142): warning:  #188-D: enumerated type mixed with another type
                                FlashStatus = 5;
..\User\stmflash.c: 2 warnings, 0 errors
compiling flash_helper.c...
..\User\flash_helper.c(41): warning:  #940-D: missing return statement at end of non-void function "FlashHelperErasePageEx"
  }
..\User\flash_helper.c: 1 warning, 0 errors
compiling BufferManage.c...
compiling LoopList.c...
compiling core_cm3.c...
compiling system_stm32f10x.c...
compiling misc.c...
compiling stm32f10x_rcc.c...
compiling stm32f10x_usart.c...
compiling stm32f10x_flash.c...
compiling stm32f10x_gpio.c...
compiling stm32f10x_tim.c...
compiling stm32f10x_iwdg.c...
compiling stm32f10x_pwr.c...
compiling stm32f10x_bkp.c...
assembling startup_stm32f10x_hd.s...
linking...
Program Size: Code=14892 RO-data=336 RW-data=88 ZI-data=7776  
FromELF: creating hex file...
".\output\Progect.axf" - 0 Error(s), 5 Warning(s).

<h2>Collection of Component include folders:</h2>
  H:\OpenProgrammingModuleForMCU\17-单片机stm32的flash保存数据优化方案(让擦写次数达到上百万至上千万次)\STM32F10xTemplate\Progect\RTE
  E:\MDK5\ARM\PACK\Keil\STM32F1xx_DFP\1.0.5\Device\Include

<h2>Collection of Component Files used:</h2>
</pre>
</body>
</html>
