<html>
<body>
<pre>
<h1>礦ision Build Log</h1>
<h2>Tool Versions:</h2>
IDE-Version: μVision V5.14.0.0
Copyright (C) 2015 ARM Ltd and ARM Germany GmbH. All rights reserved.
License Information: yang yang, qqqqq, LIC=QF82M-X6II9-WFRI7-EP5XW-88HH1-D3FPH
 
Tool Versions:
Toolchain:       MDK-ARM Standard  Version: 5.14.0.0
Toolchain Path:  E:\MDK5\ARM\ARMCC\Bin
C Compiler:      Armcc.exe V5.05 update 1 (build 106)
Assembler:       Armasm.exe V5.05 update 1 (build 106)
Linker/Locator:  ArmLink.exe V5.05 update 1 (build 106)
Library Manager: ArmAr.exe V5.05 update 1 (build 106)
Hex Converter:   FromElf.exe V5.05 update 1 (build 106)
CPU DLL:         SARMCM3.DLL V5.14.0.0
Dialog DLL:      DARMSTM.DLL V1.65.0.0
Target DLL:      STLink\ST-LINKIII-KEIL_SWO.dll V2.0.14.0_KEIL
Dialog DLL:      TARMSTM.DLL V1.64.0.0
 
<h2>Project:</h2>
H:\OpenProgrammingModuleForMCU\18-单片机移植Mbedtls\软件安装方式\STM32F10xTemplate\Progect\Progect.uvprojx
Project File Date:  09/18/2020

<h2>Output:</h2>
Build target 'Target 1'
compiling main.c...
compiling entropy_poll_hw.c...
compiling net_sockets.c...
compiling net_sockets.c...
compiling aes.c...
compiling arc4.c...
compiling aria.c...
compiling asn1parse.c...
compiling asn1write.c...
compiling base64.c...
compiling bignum.c...
compiling blowfish.c...
compiling camellia.c...
compiling ccm.c...
compiling certs.c...
compiling chacha20.c...
compiling chachapoly.c...
compiling cipher.c...
compiling cipher_wrap.c...
compiling cmac.c...
compiling ctr_drbg.c...
compiling debug.c...
compiling des.c...
compiling dhm.c...
compiling ecdh.c...
compiling ecdsa.c...
compiling ecjpake.c...
compiling ecp.c...
compiling ecp_curves.c...
compiling entropy.c...
compiling entropy_poll.c...
compiling error.c...
compiling gcm.c...
compiling havege.c...
compiling hkdf.c...
compiling hmac_drbg.c...
compiling md.c...
compiling md2.c...
compiling md4.c...
compiling md5.c...
compiling md_wrap.c...
compiling memory_buffer_alloc.c...
compiling net_sockets.c...
compiling nist_kw.c...
compiling oid.c...
compiling pem.c...
compiling pk.c...
compiling pk_wrap.c...
compiling pkcs11.c...
compiling pkcs12.c...
compiling pkcs5.c...
compiling pkparse.c...
compiling pkwrite.c...
compiling platform.c...
compiling platform_util.c...
compiling poly1305.c...
compiling ripemd160.c...
compiling rsa.c...
compiling rsa_internal.c...
compiling sha1.c...
compiling sha256.c...
compiling sha512.c...
compiling ssl_cache.c...
compiling ssl_ciphersuites.c...
compiling ssl_cli.c...
compiling ssl_cookie.c...
compiling ssl_srv.c...
compiling ssl_ticket.c...
compiling ssl_tls.c...
compiling threading.c...
compiling timing.c...
compiling version.c...
compiling version_features.c...
compiling x509.c...
compiling x509_create.c...
compiling x509_crl.c...
compiling x509_crt.c...
compiling x509_csr.c...
compiling x509write_crt.c...
compiling x509write_csr.c...
compiling xtea.c...
linking...
Program Size: Code=12380 RO-data=336 RW-data=88 ZI-data=1288  
FromELF: creating hex file...
After Build - User command #1: E:\MDK5\ARM\ARMCC\bin\fromelf.exe  --bin -o  .\Progect\Progect.bin  .\output\Progect.axf
".\output\Progect.axf" - 0 Error(s), 0 Warning(s).

<h2>Software Packages used:</h2>

Package Vendor: ARM
                http://www.keil.com/pack/ARM.mbedTLS.1.6.0.pack
                ARM::Security:mbed TLS:2.17.0
                ARM mbed Cryptographic and SSL/TLS library for Cortex-M devices
   * Component: mbed TLS Version: 2.17.0

<h2>Collection of Component include folders:</h2>
  H:\OpenProgrammingModuleForMCU\18-单片机移植Mbedtls\软件安装方式\STM32F10xTemplate\Progect\RTE
  H:\OpenProgrammingModuleForMCU\18-单片机移植Mbedtls\软件安装方式\STM32F10xTemplate\Progect\RTE\Security
  E:\MDK5\ARM\PACK\ARM\mbedTLS\1.6.0\include
  E:\MDK5\ARM\PACK\Keil\STM32F1xx_DFP\1.0.5\Device\Include

<h2>Collection of Component Files used:</h2>

   * Component: ARM::Security:mbed TLS:2.17.0
      Include file:  configs\mbedTLS_config.h
      Source file:   library\base64.c
      Source file:   library\arc4.c
      Source file:   library\chachapoly.c
      Source file:   library\certs.c
      Source file:   library\cipher_wrap.c
      Source file:   library\asn1parse.c
      Source file:   library\debug.c
      Source file:   library\aes.c
      Source file:   library\aria.c
      Source file:   library\asn1write.c
      Source file:   library\bignum.c
      Source file:   library\blowfish.c
      Source file:   library\camellia.c
      Source file:   library\ccm.c
      Source file:   library\chacha20.c
      Source file:   library\cipher.c
      Source file:   library\cmac.c
      Source file:   library\ctr_drbg.c
      Source file:   library\memory_buffer_alloc.c
      Source file:   library\net_sockets.c
      Source file:   library\dhm.c
      Source file:   library\md2.c
      Source file:   MDK\library\entropy_poll_hw.c
      Source file:   library\des.c
      Source file:   library\ecjpake.c
      Source file:   library\ecp.c
      Source file:   library\error.c
      Source file:   library\md.c
      Source file:   library\entropy_poll.c
      Source file:   library\entropy.c
      Source file:   library\havege.c
      Source file:   library\ecp_curves.c
      Source file:   MDK\library\mw_network\net_sockets.c
      Source file:   MDK\library\iot_socket\net_sockets.c
      Source file:   library\nist_kw.c
      Source file:   library\pk.c
      Source file:   library\pk_wrap.c
      Source file:   library\pkcs5.c
      Source file:   library\pkcs11.c
      Source file:   library\gcm.c
      Source file:   library\ecdsa.c
      Source file:   library\oid.c
      Source file:   library\md5.c
      Source file:   library\pem.c
      Source file:   library\pkcs12.c
      Source file:   library\hkdf.c
      Source file:   library\ecdh.c
      Source file:   library\hmac_drbg.c
      Source file:   library\md4.c
      Source file:   library\md_wrap.c
      Source file:   library\ssl_ciphersuites.c
      Source file:   library\xtea.c
      Source file:   library\threading.c
      Source file:   library\x509_crl.c
      Source file:   library\rsa.c
      Source file:   library\pkwrite.c
      Source file:   library\ssl_ticket.c
      Source file:   library\sha1.c
      Source file:   library\x509write_csr.c
      Source file:   library\ssl_cookie.c
      Source file:   library\sha512.c
      Source file:   library\platform_util.c
      Source file:   library\ssl_cache.c
      Source file:   library\pkparse.c
      Source file:   library\poly1305.c
      Source file:   library\sha256.c
      Source file:   library\ssl_tls.c
      Source file:   library\rsa_internal.c
      Source file:   library\timing.c
      Source file:   library\version.c
      Source file:   library\version_features.c
      Source file:   library\x509.c
      Source file:   library\ssl_srv.c
      Source file:   library\x509_create.c
      Source file:   library\x509_csr.c
      Source file:   library\x509_crt.c
      Source file:   library\x509write_crt.c
      Source file:   library\ssl_cli.c
      Source file:   library\platform.c
      Source file:   library\ripemd160.c
</pre>
</body>
</html>
